Product: MDK-ARM Professional 5.10
Component: ARM Compiler 5.04 update 1 (build 49)
Tool: armlink [5040049]

==============================================================================

Section Cross References

    startup_stm32f4xx.o(RESET) refers to startup_stm32f4xx.o(STACK) for __initial_sp
    startup_stm32f4xx.o(RESET) refers to startup_stm32f4xx.o(.text) for Reset_Handler
    startup_stm32f4xx.o(RESET) refers to stm32f4xx_it.o(i.NMI_Handler) for NMI_Handler
    startup_stm32f4xx.o(RESET) refers to stm32f4xx_it.o(i.HardFault_Handler) for HardFault_Handler
    startup_stm32f4xx.o(RESET) refers to stm32f4xx_it.o(i.MemManage_Handler) for MemManage_Handler
    startup_stm32f4xx.o(RESET) refers to stm32f4xx_it.o(i.BusFault_Handler) for BusFault_Handler
    startup_stm32f4xx.o(RESET) refers to stm32f4xx_it.o(i.UsageFault_Handler) for UsageFault_Handler
    startup_stm32f4xx.o(RESET) refers to stm32f4xx_it.o(i.SVC_Handler) for SVC_Handler
    startup_stm32f4xx.o(RESET) refers to stm32f4xx_it.o(i.DebugMon_Handler) for DebugMon_Handler
    startup_stm32f4xx.o(RESET) refers to stm32f4xx_it.o(i.SysTick_Handler) for SysTick_Handler
    startup_stm32f4xx.o(RESET) refers to stm32f4xx_it.o(i.EXTI0_IRQHandler) for EXTI0_IRQHandler
    startup_stm32f4xx.o(RESET) refers to bsp_timer.o(i.TIM2_IRQHandler) for TIM2_IRQHandler
    startup_stm32f4xx.o(RESET) refers to bsp_timer.o(i.TIM4_IRQHandler) for TIM4_IRQHandler
    startup_stm32f4xx.o(RESET) refers to bsp_uart_fifo.o(i.USART1_IRQHandler) for USART1_IRQHandler
    startup_stm32f4xx.o(RESET) refers to bsp_uart_fifo.o(i.USART2_IRQHandler) for USART2_IRQHandler
    startup_stm32f4xx.o(.text) refers to system_stm32f4xx.o(i.SystemInit) for SystemInit
    startup_stm32f4xx.o(.text) refers to entry.o(.ARM.Collect$$$$00000000) for __main
    main.o(i.fputc) refers to stm32f4xx_usart.o(i.USART_SendData) for USART_SendData
    main.o(i.fputc) refers to stm32f4xx_usart.o(i.USART_GetFlagStatus) for USART_GetFlagStatus
    main.o(i.main) refers to system_stm32f4xx.o(i.SystemInit) for SystemInit
    main.o(i.main) refers to bsp.o(i.bsp_Init) for bsp_Init
    main.o(i.main) refers to modbus_slave.o(i.MODS_Poll) for MODS_Poll
    system_stm32f4xx.o(i.SystemCoreClockUpdate) refers to system_stm32f4xx.o(.data) for .data
    system_stm32f4xx.o(i.SystemInit) refers to system_stm32f4xx.o(i.SetSysClock) for SetSysClock
    stm32f4xx_it.o(i.EXTI0_IRQHandler) refers to stm32f4xx_usart.o(i.USART_SendData) for USART_SendData
    stm32f4xx_it.o(i.EXTI0_IRQHandler) refers to bsp_timer.o(i.Delay) for Delay
    stm32f4xx_it.o(i.EXTI0_IRQHandler) refers to stm32f4xx_exti.o(i.EXTI_GetITStatus) for EXTI_GetITStatus
    stm32f4xx_it.o(i.EXTI0_IRQHandler) refers to bsp_limit_switch.o(i.Get_Key) for Get_Key
    stm32f4xx_it.o(i.EXTI0_IRQHandler) refers to bsp_led.o(i.LEDTog) for LEDTog
    stm32f4xx_it.o(i.EXTI0_IRQHandler) refers to stm32f4xx_exti.o(i.EXTI_ClearITPendingBit) for EXTI_ClearITPendingBit
    stm32f4xx_it.o(i.SysTick_Handler) refers to bsp_timer.o(.data) for ntime
    modbus_slave.o(i.MODS_AnalyzeApp) refers to stm32f4xx_gpio.o(i.GPIO_ReadInputDataBit) for GPIO_ReadInputDataBit
    modbus_slave.o(i.MODS_AnalyzeApp) refers to bsp_timer.o(i.TIMER_Configuration) for TIMER_Configuration
    modbus_slave.o(i.MODS_AnalyzeApp) refers to stm32f4xx_tim.o(i.TIM_Cmd) for TIM_Cmd
    modbus_slave.o(i.MODS_AnalyzeApp) refers to bsp_led.o(i.LEDOff) for LEDOff
    modbus_slave.o(i.MODS_AnalyzeApp) refers to modbus_slave.o(i.MODS_SendWithCRC) for MODS_SendWithCRC
    modbus_slave.o(i.MODS_AnalyzeApp) refers to bsp_timer.o(i.delay_ms) for delay_ms
    modbus_slave.o(i.MODS_AnalyzeApp) refers to bsp_led.o(i.LEDOn) for LEDOn
    modbus_slave.o(i.MODS_AnalyzeApp) refers to modbus_slave.o(.data) for .data
    modbus_slave.o(i.MODS_AnalyzeApp) refers to modbus_slave.o(.bss) for .bss
    modbus_slave.o(i.MODS_AnalyzeApp_F2) refers to stm32f4xx_gpio.o(i.GPIO_ReadInputDataBit) for GPIO_ReadInputDataBit
    modbus_slave.o(i.MODS_AnalyzeApp_F2) refers to modbus_slave.o(i.MODS_SendWithCRC) for MODS_SendWithCRC
    modbus_slave.o(i.MODS_AnalyzeApp_F2) refers to modbus_slave.o(.bss) for .bss
    modbus_slave.o(i.MODS_Poll) refers to modbus_slave.o(i.MODS_SendWithCRC) for MODS_SendWithCRC
    modbus_slave.o(i.MODS_Poll) refers to bsp_user_lib.o(i.sum_check) for sum_check
    modbus_slave.o(i.MODS_Poll) refers to modbus_slave.o(i.MODS_AnalyzeApp) for MODS_AnalyzeApp
    modbus_slave.o(i.MODS_Poll) refers to modbus_slave.o(i.MODS_AnalyzeApp_F2) for MODS_AnalyzeApp_F2
    modbus_slave.o(i.MODS_Poll) refers to modbus_slave.o(.data) for .data
    modbus_slave.o(i.MODS_Poll) refers to modbus_slave.o(.bss) for .bss
    modbus_slave.o(i.MODS_ReciveNew) refers to bsp_timer.o(i.bsp_StartHardTimer) for bsp_StartHardTimer
    modbus_slave.o(i.MODS_ReciveNew) refers to modbus_slave.o(.data) for .data
    modbus_slave.o(i.MODS_ReciveNew) refers to modbus_slave.o(i.MODS_RxTimeOut) for MODS_RxTimeOut
    modbus_slave.o(i.MODS_ReciveNew) refers to modbus_slave.o(.bss) for .bss
    modbus_slave.o(i.MODS_RxTimeOut) refers to modbus_slave.o(.data) for .data
    modbus_slave.o(i.MODS_SendWithCRC) refers to memcpya.o(.text) for __aeabi_memcpy
    modbus_slave.o(i.MODS_SendWithCRC) refers to bsp_user_lib.o(i.sum_check) for sum_check
    modbus_slave.o(i.MODS_SendWithCRC) refers to bsp_uart_fifo.o(i.RS485_SendBuf) for RS485_SendBuf
    usart.o(i.COM1Init) refers to stm32f4xx_rcc.o(i.RCC_AHB1PeriphClockCmd) for RCC_AHB1PeriphClockCmd
    usart.o(i.COM1Init) refers to stm32f4xx_rcc.o(i.RCC_APB2PeriphClockCmd) for RCC_APB2PeriphClockCmd
    usart.o(i.COM1Init) refers to stm32f4xx_gpio.o(i.GPIO_PinAFConfig) for GPIO_PinAFConfig
    usart.o(i.COM1Init) refers to stm32f4xx_gpio.o(i.GPIO_Init) for GPIO_Init
    usart.o(i.COM1Init) refers to stm32f4xx_usart.o(i.USART_Init) for USART_Init
    usart.o(i.COM1Init) refers to stm32f4xx_usart.o(i.USART_Cmd) for USART_Cmd
    usart.o(i.COM1Init) refers to stm32f4xx_usart.o(i.USART_ClearFlag) for USART_ClearFlag
    stm32f4xx_rcc.o(i.RCC_GetClocksFreq) refers to stm32f4xx_rcc.o(.data) for .data
    stm32f4xx_rcc.o(i.RCC_WaitForHSEStartUp) refers to stm32f4xx_rcc.o(i.RCC_GetFlagStatus) for RCC_GetFlagStatus
    stm32f4xx_gpio.o(i.GPIO_DeInit) refers to stm32f4xx_rcc.o(i.RCC_AHB1PeriphResetCmd) for RCC_AHB1PeriphResetCmd
    stm32f4xx_tim.o(i.TIM_DeInit) refers to stm32f4xx_rcc.o(i.RCC_APB2PeriphResetCmd) for RCC_APB2PeriphResetCmd
    stm32f4xx_tim.o(i.TIM_DeInit) refers to stm32f4xx_rcc.o(i.RCC_APB1PeriphResetCmd) for RCC_APB1PeriphResetCmd
    stm32f4xx_tim.o(i.TIM_ETRClockMode1Config) refers to stm32f4xx_tim.o(i.TIM_ETRConfig) for TIM_ETRConfig
    stm32f4xx_tim.o(i.TIM_ETRClockMode2Config) refers to stm32f4xx_tim.o(i.TIM_ETRConfig) for TIM_ETRConfig
    stm32f4xx_tim.o(i.TIM_ICInit) refers to stm32f4xx_tim.o(i.TIM_SetIC4Prescaler) for TIM_SetIC4Prescaler
    stm32f4xx_tim.o(i.TIM_ICInit) refers to stm32f4xx_tim.o(i.TI1_Config) for TI1_Config
    stm32f4xx_tim.o(i.TIM_ICInit) refers to stm32f4xx_tim.o(i.TIM_SetIC1Prescaler) for TIM_SetIC1Prescaler
    stm32f4xx_tim.o(i.TIM_ICInit) refers to stm32f4xx_tim.o(i.TI2_Config) for TI2_Config
    stm32f4xx_tim.o(i.TIM_ICInit) refers to stm32f4xx_tim.o(i.TIM_SetIC2Prescaler) for TIM_SetIC2Prescaler
    stm32f4xx_tim.o(i.TIM_ICInit) refers to stm32f4xx_tim.o(i.TIM_SetIC3Prescaler) for TIM_SetIC3Prescaler
    stm32f4xx_tim.o(i.TIM_ITRxExternalClockConfig) refers to stm32f4xx_tim.o(i.TIM_SelectInputTrigger) for TIM_SelectInputTrigger
    stm32f4xx_tim.o(i.TIM_PWMIConfig) refers to stm32f4xx_tim.o(i.TI2_Config) for TI2_Config
    stm32f4xx_tim.o(i.TIM_PWMIConfig) refers to stm32f4xx_tim.o(i.TIM_SetIC2Prescaler) for TIM_SetIC2Prescaler
    stm32f4xx_tim.o(i.TIM_PWMIConfig) refers to stm32f4xx_tim.o(i.TI1_Config) for TI1_Config
    stm32f4xx_tim.o(i.TIM_PWMIConfig) refers to stm32f4xx_tim.o(i.TIM_SetIC1Prescaler) for TIM_SetIC1Prescaler
    stm32f4xx_tim.o(i.TIM_TIxExternalClockConfig) refers to stm32f4xx_tim.o(i.TI1_Config) for TI1_Config
    stm32f4xx_tim.o(i.TIM_TIxExternalClockConfig) refers to stm32f4xx_tim.o(i.TIM_SelectInputTrigger) for TIM_SelectInputTrigger
    stm32f4xx_tim.o(i.TIM_TIxExternalClockConfig) refers to stm32f4xx_tim.o(i.TI2_Config) for TI2_Config
    stm32f4xx_syscfg.o(i.SYSCFG_DeInit) refers to stm32f4xx_rcc.o(i.RCC_APB2PeriphResetCmd) for RCC_APB2PeriphResetCmd
    stm32f4xx_usart.o(i.USART_DeInit) refers to stm32f4xx_rcc.o(i.RCC_APB2PeriphResetCmd) for RCC_APB2PeriphResetCmd
    stm32f4xx_usart.o(i.USART_DeInit) refers to stm32f4xx_rcc.o(i.RCC_APB1PeriphResetCmd) for RCC_APB1PeriphResetCmd
    stm32f4xx_usart.o(i.USART_Init) refers to stm32f4xx_rcc.o(i.RCC_GetClocksFreq) for RCC_GetClocksFreq
    bsp.o(i.bsp_Init) refers to bsp_timer.o(i.bsp_InitTimer) for bsp_InitTimer
    bsp.o(i.bsp_Init) refers to bsp_level_sensor_input.o(i.LEVEL_SENSOR_INPUT_Configuration) for LEVEL_SENSOR_INPUT_Configuration
    bsp.o(i.bsp_Init) refers to bsp_timer.o(i.NVIC_Configuration) for NVIC_Configuration
    bsp.o(i.bsp_Init) refers to bsp_led.o(i.LED_Configuration) for LED_Configuration
    bsp.o(i.bsp_Init) refers to bsp_uart_fifo.o(i.bsp_InitUart) for bsp_InitUart
    bsp_led.o(i.LEDOff) refers to bsp_led.o(.constdata) for .constdata
    bsp_led.o(i.LEDOff) refers to bsp_led.o(.data) for .data
    bsp_led.o(i.LEDOn) refers to bsp_led.o(.constdata) for .constdata
    bsp_led.o(i.LEDOn) refers to bsp_led.o(.data) for .data
    bsp_led.o(i.LEDTog) refers to bsp_led.o(.data) for .data
    bsp_led.o(i.LEDTog) refers to bsp_led.o(.constdata) for .constdata
    bsp_led.o(i.LED_Configuration) refers to stm32f4xx_rcc.o(i.RCC_AHB1PeriphClockCmd) for RCC_AHB1PeriphClockCmd
    bsp_led.o(i.LED_Configuration) refers to stm32f4xx_gpio.o(i.GPIO_Init) for GPIO_Init
    bsp_timer.o(i.NVIC_Configuration) refers to misc.o(i.NVIC_PriorityGroupConfig) for NVIC_PriorityGroupConfig
    bsp_timer.o(i.NVIC_Configuration) refers to misc.o(i.NVIC_Init) for NVIC_Init
    bsp_timer.o(i.TIM2_IRQHandler) refers to stm32f4xx_tim.o(i.TIM_GetITStatus) for TIM_GetITStatus
    bsp_timer.o(i.TIM2_IRQHandler) refers to stm32f4xx_tim.o(i.TIM_ClearITPendingBit) for TIM_ClearITPendingBit
    bsp_timer.o(i.TIM2_IRQHandler) refers to stm32f4xx_tim.o(i.TIM_ITConfig) for TIM_ITConfig
    bsp_timer.o(i.TIM2_IRQHandler) refers to bsp_timer.o(.data) for .data
    bsp_timer.o(i.TIM4_IRQHandler) refers to stm32f4xx_tim.o(i.TIM_GetITStatus) for TIM_GetITStatus
    bsp_timer.o(i.TIM4_IRQHandler) refers to stm32f4xx_tim.o(i.TIM_ClearITPendingBit) for TIM_ClearITPendingBit
    bsp_timer.o(i.TIM4_IRQHandler) refers to stm32f4xx_tim.o(i.TIM_Cmd) for TIM_Cmd
    bsp_timer.o(i.TIM4_IRQHandler) refers to modbus_slave.o(.data) for c
    bsp_timer.o(i.TIM4_IRQHandler) refers to modbus_slave.o(.data) for timer_flag
    bsp_timer.o(i.TIMER_Configuration) refers to stm32f4xx_rcc.o(i.RCC_APB1PeriphClockCmd) for RCC_APB1PeriphClockCmd
    bsp_timer.o(i.TIMER_Configuration) refers to stm32f4xx_tim.o(i.TIM_TimeBaseInit) for TIM_TimeBaseInit
    bsp_timer.o(i.TIMER_Configuration) refers to stm32f4xx_tim.o(i.TIM_ITConfig) for TIM_ITConfig
    bsp_timer.o(i.bsp_InitHardTimer) refers to stm32f4xx_rcc.o(i.RCC_APB1PeriphClockCmd) for RCC_APB1PeriphClockCmd
    bsp_timer.o(i.bsp_InitHardTimer) refers to stm32f4xx_tim.o(i.TIM_TimeBaseInit) for TIM_TimeBaseInit
    bsp_timer.o(i.bsp_InitHardTimer) refers to stm32f4xx_tim.o(i.TIM_Cmd) for TIM_Cmd
    bsp_timer.o(i.bsp_InitHardTimer) refers to misc.o(i.NVIC_Init) for NVIC_Init
    bsp_timer.o(i.bsp_InitHardTimer) refers to system_stm32f4xx.o(.data) for SystemCoreClock
    bsp_timer.o(i.bsp_InitTimer) refers to bsp_timer.o(i.SysTick_Config) for SysTick_Config
    bsp_timer.o(i.bsp_InitTimer) refers to bsp_timer.o(i.bsp_InitHardTimer) for bsp_InitHardTimer
    bsp_timer.o(i.bsp_InitTimer) refers to bsp_timer.o(.bss) for .bss
    bsp_timer.o(i.bsp_InitTimer) refers to system_stm32f4xx.o(.data) for SystemCoreClock
    bsp_timer.o(i.bsp_StartHardTimer) refers to stm32f4xx_tim.o(i.TIM_GetCounter) for TIM_GetCounter
    bsp_timer.o(i.bsp_StartHardTimer) refers to stm32f4xx_tim.o(i.TIM_SetCompare4) for TIM_SetCompare4
    bsp_timer.o(i.bsp_StartHardTimer) refers to stm32f4xx_tim.o(i.TIM_ClearITPendingBit) for TIM_ClearITPendingBit
    bsp_timer.o(i.bsp_StartHardTimer) refers to stm32f4xx_tim.o(i.TIM_ITConfig) for TIM_ITConfig
    bsp_timer.o(i.bsp_StartHardTimer) refers to stm32f4xx_tim.o(i.TIM_SetCompare1) for TIM_SetCompare1
    bsp_timer.o(i.bsp_StartHardTimer) refers to stm32f4xx_tim.o(i.TIM_SetCompare2) for TIM_SetCompare2
    bsp_timer.o(i.bsp_StartHardTimer) refers to stm32f4xx_tim.o(i.TIM_SetCompare3) for TIM_SetCompare3
    bsp_timer.o(i.bsp_StartHardTimer) refers to bsp_timer.o(.data) for .data
    bsp_timer.o(i.delay_ms) refers to bsp_timer.o(i.SysTick_Config) for SysTick_Config
    bsp_timer.o(i.delay_ms) refers to bsp_timer.o(.data) for .data
    bsp_timer.o(i.delay_us) refers to bsp_timer.o(i.SysTick_Config) for SysTick_Config
    bsp_timer.o(i.delay_us) refers to bsp_timer.o(.data) for .data
    bsp_limit_switch.o(i.Get_Key) refers to bsp_limit_switch.o(.constdata) for .constdata
    bsp_limit_switch.o(i.KEY_Scan) refers to bsp_limit_switch.o(i.Get_Key) for Get_Key
    bsp_limit_switch.o(i.KEY_Scan) refers to bsp_timer.o(i.Delay) for Delay
    bsp_limit_switch.o(i.KEY_Scan) refers to bsp_limit_switch.o(.data) for .data
    bsp_limit_switch.o(i.Key_Init) refers to stm32f4xx_rcc.o(i.RCC_AHB1PeriphClockCmd) for RCC_AHB1PeriphClockCmd
    bsp_limit_switch.o(i.Key_Init) refers to stm32f4xx_gpio.o(i.GPIO_Init) for GPIO_Init
    bsp_limit_switch.o(i.Set_Keyint) refers to stm32f4xx_rcc.o(i.RCC_APB2PeriphClockCmd) for RCC_APB2PeriphClockCmd
    bsp_limit_switch.o(i.Set_Keyint) refers to stm32f4xx_syscfg.o(i.SYSCFG_EXTILineConfig) for SYSCFG_EXTILineConfig
    bsp_limit_switch.o(i.Set_Keyint) refers to stm32f4xx_exti.o(i.EXTI_Init) for EXTI_Init
    bsp_limit_switch.o(i.Set_Keyint) refers to misc.o(i.NVIC_Init) for NVIC_Init
    bsp_limit_switch.o(i.Set_Keyint) refers to bsp_limit_switch.o(.constdata) for .constdata
    bsp_level_sensor_input.o(i.LEVEL_SENSOR_INPUT_Configuration) refers to stm32f4xx_rcc.o(i.RCC_AHB1PeriphClockCmd) for RCC_AHB1PeriphClockCmd
    bsp_level_sensor_input.o(i.LEVEL_SENSOR_INPUT_Configuration) refers to stm32f4xx_gpio.o(i.GPIO_Init) for GPIO_Init
    bsp_uart_fifo.o(i.ComToUart) refers to bsp_uart_fifo.o(.bss) for .bss
    bsp_uart_fifo.o(i.InitHardUart) refers to stm32f4xx_rcc.o(i.RCC_AHB1PeriphClockCmd) for RCC_AHB1PeriphClockCmd
    bsp_uart_fifo.o(i.InitHardUart) refers to stm32f4xx_rcc.o(i.RCC_APB2PeriphClockCmd) for RCC_APB2PeriphClockCmd
    bsp_uart_fifo.o(i.InitHardUart) refers to stm32f4xx_gpio.o(i.GPIO_PinAFConfig) for GPIO_PinAFConfig
    bsp_uart_fifo.o(i.InitHardUart) refers to stm32f4xx_gpio.o(i.GPIO_Init) for GPIO_Init
    bsp_uart_fifo.o(i.InitHardUart) refers to stm32f4xx_usart.o(i.USART_Init) for USART_Init
    bsp_uart_fifo.o(i.InitHardUart) refers to stm32f4xx_usart.o(i.USART_Cmd) for USART_Cmd
    bsp_uart_fifo.o(i.InitHardUart) refers to stm32f4xx_usart.o(i.USART_ClearFlag) for USART_ClearFlag
    bsp_uart_fifo.o(i.InitHardUart) refers to stm32f4xx_usart.o(i.USART_ITConfig) for USART_ITConfig
    bsp_uart_fifo.o(i.RS485_ReciveNew) refers to modbus_slave.o(i.MODS_ReciveNew) for MODS_ReciveNew
    bsp_uart_fifo.o(i.RS485_SendBuf) refers to bsp_uart_fifo.o(i.comSendBuf) for comSendBuf
    bsp_uart_fifo.o(i.USART1_IRQHandler) refers to bsp_uart_fifo.o(i.UartIRQ) for UartIRQ
    bsp_uart_fifo.o(i.USART1_IRQHandler) refers to bsp_uart_fifo.o(.bss) for .bss
    bsp_uart_fifo.o(i.USART1_SendString) refers to stm32f4xx_usart.o(i.USART_GetFlagStatus) for USART_GetFlagStatus
    bsp_uart_fifo.o(i.USART1_SendString) refers to stm32f4xx_usart.o(i.USART_SendData) for USART_SendData
    bsp_uart_fifo.o(i.USART2_SendString) refers to stm32f4xx_usart.o(i.USART_GetFlagStatus) for USART_GetFlagStatus
    bsp_uart_fifo.o(i.USART2_SendString) refers to stm32f4xx_usart.o(i.USART_SendData) for USART_SendData
    bsp_uart_fifo.o(i.UartIRQ) refers to stm32f4xx_usart.o(i.USART_GetITStatus) for USART_GetITStatus
    bsp_uart_fifo.o(i.UartIRQ) refers to stm32f4xx_usart.o(i.USART_ReceiveData) for USART_ReceiveData
    bsp_uart_fifo.o(i.UartIRQ) refers to stm32f4xx_usart.o(i.USART_ITConfig) for USART_ITConfig
    bsp_uart_fifo.o(i.UartIRQ) refers to stm32f4xx_usart.o(i.USART_SendData) for USART_SendData
    bsp_uart_fifo.o(i.UartVarInit) refers to bsp_uart_fifo.o(.bss) for .bss
    bsp_uart_fifo.o(i.UartVarInit) refers to bsp_uart_fifo.o(i.RS485_SendBefor) for RS485_SendBefor
    bsp_uart_fifo.o(i.UartVarInit) refers to bsp_uart_fifo.o(i.RS485_SendOver) for RS485_SendOver
    bsp_uart_fifo.o(i.UartVarInit) refers to bsp_uart_fifo.o(i.RS485_ReciveNew) for RS485_ReciveNew
    bsp_uart_fifo.o(i.bsp_InitUart) refers to bsp_uart_fifo.o(i.UartVarInit) for UartVarInit
    bsp_uart_fifo.o(i.bsp_InitUart) refers to bsp_uart_fifo.o(i.InitHardUart) for InitHardUart
    bsp_uart_fifo.o(i.bsp_InitUart) refers to misc.o(i.NVIC_PriorityGroupConfig) for NVIC_PriorityGroupConfig
    bsp_uart_fifo.o(i.bsp_InitUart) refers to misc.o(i.NVIC_Init) for NVIC_Init
    bsp_uart_fifo.o(i.comSendBuf) refers to bsp_uart_fifo.o(i.ComToUart) for ComToUart
    bsp_uart_fifo.o(i.comSendBuf) refers to stm32f4xx_usart.o(i.USART_ITConfig) for USART_ITConfig
    bsp_user_lib.o(i.CRC16_Modbus) refers to bsp_user_lib.o(.constdata) for .constdata
    entry.o(.ARM.Collect$$$$00000000) refers (Special) to entry10a.o(.ARM.Collect$$$$0000000D) for __rt_final_cpp
    entry.o(.ARM.Collect$$$$00000000) refers (Special) to entry11a.o(.ARM.Collect$$$$0000000F) for __rt_final_exit
    entry.o(.ARM.Collect$$$$00000000) refers (Special) to entry7b.o(.ARM.Collect$$$$00000008) for _main_clock
    entry.o(.ARM.Collect$$$$00000000) refers (Special) to entry8b.o(.ARM.Collect$$$$0000000A) for _main_cpp_init
    entry.o(.ARM.Collect$$$$00000000) refers (Special) to entry9a.o(.ARM.Collect$$$$0000000B) for _main_init
    entry.o(.ARM.Collect$$$$00000000) refers (Special) to entry5.o(.ARM.Collect$$$$00000004) for _main_scatterload
    entry.o(.ARM.Collect$$$$00000000) refers (Special) to entry2.o(.ARM.Collect$$$$00000001) for _main_stk
    entry2.o(.ARM.Collect$$$$00000001) refers to entry2.o(.ARM.Collect$$$$00002712) for __lit__00000000
    entry2.o(.ARM.Collect$$$$00002712) refers to startup_stm32f4xx.o(STACK) for __initial_sp
    entry2.o(__vectab_stack_and_reset_area) refers to startup_stm32f4xx.o(STACK) for __initial_sp
    entry2.o(__vectab_stack_and_reset_area) refers to entry.o(.ARM.Collect$$$$00000000) for __main
    entry5.o(.ARM.Collect$$$$00000004) refers to init.o(.text) for __scatterload
    entry9a.o(.ARM.Collect$$$$0000000B) refers to main.o(i.main) for main
    entry9b.o(.ARM.Collect$$$$0000000C) refers to main.o(i.main) for main
    init.o(.text) refers to entry5.o(.ARM.Collect$$$$00000004) for __main_after_scatterload


==============================================================================

Removing Unused input sections from the image.

    Removing startup_stm32f4xx.o(HEAP), (512 bytes).
    Removing main.o(.rev16_text), (4 bytes).
    Removing main.o(.revsh_text), (4 bytes).
    Removing main.o(i.fputc), (36 bytes).
    Removing system_stm32f4xx.o(.rev16_text), (4 bytes).
    Removing system_stm32f4xx.o(.revsh_text), (4 bytes).
    Removing system_stm32f4xx.o(i.SystemCoreClockUpdate), (120 bytes).
    Removing stm32f4xx_it.o(.rev16_text), (4 bytes).
    Removing stm32f4xx_it.o(.revsh_text), (4 bytes).
    Removing stm32f4xx_it.o(i.PendSV_Handler), (2 bytes).
    Removing modbus_slave.o(.rev16_text), (4 bytes).
    Removing modbus_slave.o(.revsh_text), (4 bytes).
    Removing modbus_slave.o(.bss), (14 bytes).
    Removing usart.o(.rev16_text), (4 bytes).
    Removing usart.o(.revsh_text), (4 bytes).
    Removing usart.o(i.COM1Init), (140 bytes).
    Removing misc.o(.rev16_text), (4 bytes).
    Removing misc.o(.revsh_text), (4 bytes).
    Removing misc.o(i.NVIC_SetVectorTable), (20 bytes).
    Removing misc.o(i.NVIC_SystemLPConfig), (24 bytes).
    Removing misc.o(i.SysTick_CLKSourceConfig), (24 bytes).
    Removing stm32f4xx_rcc.o(.rev16_text), (4 bytes).
    Removing stm32f4xx_rcc.o(.revsh_text), (4 bytes).
    Removing stm32f4xx_rcc.o(i.RCC_AHB1PeriphClockLPModeCmd), (24 bytes).
    Removing stm32f4xx_rcc.o(i.RCC_AHB1PeriphResetCmd), (24 bytes).
    Removing stm32f4xx_rcc.o(i.RCC_AHB2PeriphClockCmd), (24 bytes).
    Removing stm32f4xx_rcc.o(i.RCC_AHB2PeriphClockLPModeCmd), (24 bytes).
    Removing stm32f4xx_rcc.o(i.RCC_AHB2PeriphResetCmd), (24 bytes).
    Removing stm32f4xx_rcc.o(i.RCC_AHB3PeriphClockCmd), (24 bytes).
    Removing stm32f4xx_rcc.o(i.RCC_AHB3PeriphClockLPModeCmd), (24 bytes).
    Removing stm32f4xx_rcc.o(i.RCC_AHB3PeriphResetCmd), (24 bytes).
    Removing stm32f4xx_rcc.o(i.RCC_APB1PeriphClockLPModeCmd), (24 bytes).
    Removing stm32f4xx_rcc.o(i.RCC_APB1PeriphResetCmd), (24 bytes).
    Removing stm32f4xx_rcc.o(i.RCC_APB2PeriphClockLPModeCmd), (24 bytes).
    Removing stm32f4xx_rcc.o(i.RCC_APB2PeriphResetCmd), (24 bytes).
    Removing stm32f4xx_rcc.o(i.RCC_AdjustHSICalibrationValue), (20 bytes).
    Removing stm32f4xx_rcc.o(i.RCC_BackupResetCmd), (12 bytes).
    Removing stm32f4xx_rcc.o(i.RCC_ClearFlag), (16 bytes).
    Removing stm32f4xx_rcc.o(i.RCC_ClearITPendingBit), (12 bytes).
    Removing stm32f4xx_rcc.o(i.RCC_ClockSecuritySystemCmd), (12 bytes).
    Removing stm32f4xx_rcc.o(i.RCC_DeInit), (60 bytes).
    Removing stm32f4xx_rcc.o(i.RCC_GetFlagStatus), (52 bytes).
    Removing stm32f4xx_rcc.o(i.RCC_GetITStatus), (20 bytes).
    Removing stm32f4xx_rcc.o(i.RCC_GetSYSCLKSource), (16 bytes).
    Removing stm32f4xx_rcc.o(i.RCC_HCLKConfig), (20 bytes).
    Removing stm32f4xx_rcc.o(i.RCC_HSEConfig), (16 bytes).
    Removing stm32f4xx_rcc.o(i.RCC_HSICmd), (12 bytes).
    Removing stm32f4xx_rcc.o(i.RCC_I2SCLKConfig), (12 bytes).
    Removing stm32f4xx_rcc.o(i.RCC_ITConfig), (24 bytes).
    Removing stm32f4xx_rcc.o(i.RCC_LSEConfig), (28 bytes).
    Removing stm32f4xx_rcc.o(i.RCC_LSICmd), (12 bytes).
    Removing stm32f4xx_rcc.o(i.RCC_MCO1Config), (20 bytes).
    Removing stm32f4xx_rcc.o(i.RCC_MCO2Config), (20 bytes).
    Removing stm32f4xx_rcc.o(i.RCC_PCLK1Config), (20 bytes).
    Removing stm32f4xx_rcc.o(i.RCC_PCLK2Config), (20 bytes).
    Removing stm32f4xx_rcc.o(i.RCC_PLLCmd), (12 bytes).
    Removing stm32f4xx_rcc.o(i.RCC_PLLConfig), (40 bytes).
    Removing stm32f4xx_rcc.o(i.RCC_PLLI2SCmd), (12 bytes).
    Removing stm32f4xx_rcc.o(i.RCC_PLLI2SConfig), (16 bytes).
    Removing stm32f4xx_rcc.o(i.RCC_RTCCLKCmd), (12 bytes).
    Removing stm32f4xx_rcc.o(i.RCC_RTCCLKConfig), (48 bytes).
    Removing stm32f4xx_rcc.o(i.RCC_SYSCLKConfig), (20 bytes).
    Removing stm32f4xx_rcc.o(i.RCC_WaitForHSEStartUp), (44 bytes).
    Removing stm32f4xx_gpio.o(.rev16_text), (4 bytes).
    Removing stm32f4xx_gpio.o(.revsh_text), (4 bytes).
    Removing stm32f4xx_gpio.o(i.GPIO_DeInit), (228 bytes).
    Removing stm32f4xx_gpio.o(i.GPIO_PinLockConfig), (24 bytes).
    Removing stm32f4xx_gpio.o(i.GPIO_ReadInputData), (6 bytes).
    Removing stm32f4xx_gpio.o(i.GPIO_ReadOutputData), (6 bytes).
    Removing stm32f4xx_gpio.o(i.GPIO_ReadOutputDataBit), (14 bytes).
    Removing stm32f4xx_gpio.o(i.GPIO_ResetBits), (4 bytes).
    Removing stm32f4xx_gpio.o(i.GPIO_SetBits), (4 bytes).
    Removing stm32f4xx_gpio.o(i.GPIO_StructInit), (18 bytes).
    Removing stm32f4xx_gpio.o(i.GPIO_ToggleBits), (8 bytes).
    Removing stm32f4xx_gpio.o(i.GPIO_Write), (4 bytes).
    Removing stm32f4xx_gpio.o(i.GPIO_WriteBit), (10 bytes).
    Removing stm32f4xx_tim.o(.rev16_text), (4 bytes).
    Removing stm32f4xx_tim.o(.revsh_text), (4 bytes).
    Removing stm32f4xx_tim.o(i.TI1_Config), (46 bytes).
    Removing stm32f4xx_tim.o(i.TI2_Config), (54 bytes).
    Removing stm32f4xx_tim.o(i.TIM_ARRPreloadConfig), (20 bytes).
    Removing stm32f4xx_tim.o(i.TIM_BDTRConfig), (34 bytes).
    Removing stm32f4xx_tim.o(i.TIM_BDTRStructInit), (18 bytes).
    Removing stm32f4xx_tim.o(i.TIM_CCPreloadControl), (20 bytes).
    Removing stm32f4xx_tim.o(i.TIM_CCxCmd), (22 bytes).
    Removing stm32f4xx_tim.o(i.TIM_CCxNCmd), (22 bytes).
    Removing stm32f4xx_tim.o(i.TIM_ClearFlag), (6 bytes).
    Removing stm32f4xx_tim.o(i.TIM_ClearOC1Ref), (12 bytes).
    Removing stm32f4xx_tim.o(i.TIM_ClearOC2Ref), (20 bytes).
    Removing stm32f4xx_tim.o(i.TIM_ClearOC3Ref), (12 bytes).
    Removing stm32f4xx_tim.o(i.TIM_ClearOC4Ref), (20 bytes).
    Removing stm32f4xx_tim.o(i.TIM_CounterModeConfig), (12 bytes).
    Removing stm32f4xx_tim.o(i.TIM_CtrlPWMOutputs), (22 bytes).
    Removing stm32f4xx_tim.o(i.TIM_DMACmd), (16 bytes).
    Removing stm32f4xx_tim.o(i.TIM_DMAConfig), (8 bytes).
    Removing stm32f4xx_tim.o(i.TIM_DeInit), (336 bytes).
    Removing stm32f4xx_tim.o(i.TIM_ETRClockMode1Config), (18 bytes).
    Removing stm32f4xx_tim.o(i.TIM_ETRClockMode2Config), (18 bytes).
    Removing stm32f4xx_tim.o(i.TIM_ETRConfig), (24 bytes).
    Removing stm32f4xx_tim.o(i.TIM_EncoderInterfaceConfig), (50 bytes).
    Removing stm32f4xx_tim.o(i.TIM_ForcedOC1Config), (12 bytes).
    Removing stm32f4xx_tim.o(i.TIM_ForcedOC2Config), (20 bytes).
    Removing stm32f4xx_tim.o(i.TIM_ForcedOC3Config), (12 bytes).
    Removing stm32f4xx_tim.o(i.TIM_ForcedOC4Config), (20 bytes).
    Removing stm32f4xx_tim.o(i.TIM_GenerateEvent), (4 bytes).
    Removing stm32f4xx_tim.o(i.TIM_GetCapture1), (4 bytes).
    Removing stm32f4xx_tim.o(i.TIM_GetCapture2), (4 bytes).
    Removing stm32f4xx_tim.o(i.TIM_GetCapture3), (4 bytes).
    Removing stm32f4xx_tim.o(i.TIM_GetCapture4), (4 bytes).
    Removing stm32f4xx_tim.o(i.TIM_GetFlagStatus), (14 bytes).
    Removing stm32f4xx_tim.o(i.TIM_GetPrescaler), (4 bytes).
    Removing stm32f4xx_tim.o(i.TIM_ICInit), (172 bytes).
    Removing stm32f4xx_tim.o(i.TIM_ICStructInit), (16 bytes).
    Removing stm32f4xx_tim.o(i.TIM_ITRxExternalClockConfig), (18 bytes).
    Removing stm32f4xx_tim.o(i.TIM_InternalClockConfig), (10 bytes).
    Removing stm32f4xx_tim.o(i.TIM_OC1FastConfig), (12 bytes).
    Removing stm32f4xx_tim.o(i.TIM_OC1Init), (96 bytes).
    Removing stm32f4xx_tim.o(i.TIM_OC1NPolarityConfig), (12 bytes).
    Removing stm32f4xx_tim.o(i.TIM_OC1PolarityConfig), (12 bytes).
    Removing stm32f4xx_tim.o(i.TIM_OC1PreloadConfig), (12 bytes).
    Removing stm32f4xx_tim.o(i.TIM_OC2FastConfig), (20 bytes).
    Removing stm32f4xx_tim.o(i.TIM_OC2Init), (128 bytes).
    Removing stm32f4xx_tim.o(i.TIM_OC2NPolarityConfig), (20 bytes).
    Removing stm32f4xx_tim.o(i.TIM_OC2PolarityConfig), (20 bytes).
    Removing stm32f4xx_tim.o(i.TIM_OC2PreloadConfig), (20 bytes).
    Removing stm32f4xx_tim.o(i.TIM_OC3FastConfig), (12 bytes).
    Removing stm32f4xx_tim.o(i.TIM_OC3Init), (124 bytes).
    Removing stm32f4xx_tim.o(i.TIM_OC3NPolarityConfig), (20 bytes).
    Removing stm32f4xx_tim.o(i.TIM_OC3PolarityConfig), (20 bytes).
    Removing stm32f4xx_tim.o(i.TIM_OC3PreloadConfig), (12 bytes).
    Removing stm32f4xx_tim.o(i.TIM_OC4FastConfig), (20 bytes).
    Removing stm32f4xx_tim.o(i.TIM_OC4Init), (96 bytes).
    Removing stm32f4xx_tim.o(i.TIM_OC4PolarityConfig), (20 bytes).
    Removing stm32f4xx_tim.o(i.TIM_OC4PreloadConfig), (20 bytes).
    Removing stm32f4xx_tim.o(i.TIM_OCStructInit), (20 bytes).
    Removing stm32f4xx_tim.o(i.TIM_PWMIConfig), (108 bytes).
    Removing stm32f4xx_tim.o(i.TIM_PrescalerConfig), (6 bytes).
    Removing stm32f4xx_tim.o(i.TIM_RemapConfig), (6 bytes).
    Removing stm32f4xx_tim.o(i.TIM_SelectCCDMA), (20 bytes).
    Removing stm32f4xx_tim.o(i.TIM_SelectCOM), (20 bytes).
    Removing stm32f4xx_tim.o(i.TIM_SelectHallSensor), (20 bytes).
    Removing stm32f4xx_tim.o(i.TIM_SelectInputTrigger), (12 bytes).
    Removing stm32f4xx_tim.o(i.TIM_SelectMasterSlaveMode), (16 bytes).
    Removing stm32f4xx_tim.o(i.TIM_SelectOCxM), (74 bytes).
    Removing stm32f4xx_tim.o(i.TIM_SelectOnePulseMode), (16 bytes).
    Removing stm32f4xx_tim.o(i.TIM_SelectOutputTrigger), (16 bytes).
    Removing stm32f4xx_tim.o(i.TIM_SelectSlaveMode), (16 bytes).
    Removing stm32f4xx_tim.o(i.TIM_SetAutoreload), (4 bytes).
    Removing stm32f4xx_tim.o(i.TIM_SetClockDivision), (16 bytes).
    Removing stm32f4xx_tim.o(i.TIM_SetCounter), (4 bytes).
    Removing stm32f4xx_tim.o(i.TIM_SetIC1Prescaler), (16 bytes).
    Removing stm32f4xx_tim.o(i.TIM_SetIC2Prescaler), (24 bytes).
    Removing stm32f4xx_tim.o(i.TIM_SetIC3Prescaler), (16 bytes).
    Removing stm32f4xx_tim.o(i.TIM_SetIC4Prescaler), (24 bytes).
    Removing stm32f4xx_tim.o(i.TIM_TIxExternalClockConfig), (46 bytes).
    Removing stm32f4xx_tim.o(i.TIM_TimeBaseStructInit), (18 bytes).
    Removing stm32f4xx_tim.o(i.TIM_UpdateDisableConfig), (20 bytes).
    Removing stm32f4xx_tim.o(i.TIM_UpdateRequestConfig), (20 bytes).
    Removing stm32f4xx_exti.o(.rev16_text), (4 bytes).
    Removing stm32f4xx_exti.o(.revsh_text), (4 bytes).
    Removing stm32f4xx_exti.o(i.EXTI_ClearFlag), (12 bytes).
    Removing stm32f4xx_exti.o(i.EXTI_DeInit), (36 bytes).
    Removing stm32f4xx_exti.o(i.EXTI_GenerateSWInterrupt), (16 bytes).
    Removing stm32f4xx_exti.o(i.EXTI_GetFlagStatus), (20 bytes).
    Removing stm32f4xx_exti.o(i.EXTI_Init), (112 bytes).
    Removing stm32f4xx_exti.o(i.EXTI_StructInit), (14 bytes).
    Removing stm32f4xx_syscfg.o(.rev16_text), (4 bytes).
    Removing stm32f4xx_syscfg.o(.revsh_text), (4 bytes).
    Removing stm32f4xx_syscfg.o(i.SYSCFG_CompensationCellCmd), (12 bytes).
    Removing stm32f4xx_syscfg.o(i.SYSCFG_DeInit), (24 bytes).
    Removing stm32f4xx_syscfg.o(i.SYSCFG_ETH_MediaInterfaceConfig), (12 bytes).
    Removing stm32f4xx_syscfg.o(i.SYSCFG_EXTILineConfig), (48 bytes).
    Removing stm32f4xx_syscfg.o(i.SYSCFG_GetCompensationCellStatus), (20 bytes).
    Removing stm32f4xx_syscfg.o(i.SYSCFG_MemoryRemapConfig), (12 bytes).
    Removing stm32f4xx_usart.o(.rev16_text), (4 bytes).
    Removing stm32f4xx_usart.o(.revsh_text), (4 bytes).
    Removing stm32f4xx_usart.o(i.USART_ClearITPendingBit), (12 bytes).
    Removing stm32f4xx_usart.o(i.USART_ClockInit), (28 bytes).
    Removing stm32f4xx_usart.o(i.USART_ClockStructInit), (12 bytes).
    Removing stm32f4xx_usart.o(i.USART_DMACmd), (16 bytes).
    Removing stm32f4xx_usart.o(i.USART_DeInit), (140 bytes).
    Removing stm32f4xx_usart.o(i.USART_GetFlagStatus), (14 bytes).
    Removing stm32f4xx_usart.o(i.USART_HalfDuplexCmd), (20 bytes).
    Removing stm32f4xx_usart.o(i.USART_IrDACmd), (20 bytes).
    Removing stm32f4xx_usart.o(i.USART_IrDAConfig), (16 bytes).
    Removing stm32f4xx_usart.o(i.USART_LINBreakDetectLengthConfig), (16 bytes).
    Removing stm32f4xx_usart.o(i.USART_LINCmd), (20 bytes).
    Removing stm32f4xx_usart.o(i.USART_OneBitMethodCmd), (20 bytes).
    Removing stm32f4xx_usart.o(i.USART_OverSampling8Cmd), (20 bytes).
    Removing stm32f4xx_usart.o(i.USART_ReceiverWakeUpCmd), (20 bytes).
    Removing stm32f4xx_usart.o(i.USART_SendBreak), (10 bytes).
    Removing stm32f4xx_usart.o(i.USART_SetAddress), (16 bytes).
    Removing stm32f4xx_usart.o(i.USART_SetGuardTime), (16 bytes).
    Removing stm32f4xx_usart.o(i.USART_SetPrescaler), (16 bytes).
    Removing stm32f4xx_usart.o(i.USART_SmartCardCmd), (20 bytes).
    Removing stm32f4xx_usart.o(i.USART_SmartCardNACKCmd), (20 bytes).
    Removing stm32f4xx_usart.o(i.USART_StructInit), (22 bytes).
    Removing stm32f4xx_usart.o(i.USART_WakeUpConfig), (16 bytes).
    Removing bsp.o(.rev16_text), (4 bytes).
    Removing bsp.o(.revsh_text), (4 bytes).
    Removing bsp_led.o(.rev16_text), (4 bytes).
    Removing bsp_led.o(.revsh_text), (4 bytes).
    Removing bsp_timer.o(.rev16_text), (4 bytes).
    Removing bsp_timer.o(.revsh_text), (4 bytes).
    Removing bsp_timer.o(i.delay_us), (32 bytes).
    Removing bsp_limit_switch.o(.rev16_text), (4 bytes).
    Removing bsp_limit_switch.o(.revsh_text), (4 bytes).
    Removing bsp_limit_switch.o(i.KEY_Scan), (64 bytes).
    Removing bsp_limit_switch.o(i.Key_Init), (40 bytes).
    Removing bsp_limit_switch.o(i.Set_Keyint), (92 bytes).
    Removing bsp_limit_switch.o(.data), (1 bytes).
    Removing bsp_level_sensor_input.o(.rev16_text), (4 bytes).
    Removing bsp_level_sensor_input.o(.revsh_text), (4 bytes).
    Removing bsp_uart_fifo.o(.rev16_text), (4 bytes).
    Removing bsp_uart_fifo.o(.revsh_text), (4 bytes).
    Removing bsp_uart_fifo.o(i.USART1_SendString), (44 bytes).
    Removing bsp_uart_fifo.o(i.USART2_SendString), (44 bytes).
    Removing bsp_user_lib.o(.rev16_text), (4 bytes).
    Removing bsp_user_lib.o(.revsh_text), (4 bytes).
    Removing bsp_user_lib.o(i.CRC16_Modbus), (44 bytes).
    Removing bsp_user_lib.o(.constdata), (512 bytes).

221 unused section(s) (total 6389 bytes) removed from the image.

==============================================================================

Image Symbol Table

    Local Symbols

    Symbol Name                              Value     Ov Type        Size  Object(Section)

    ../clib/microlib/init/entry.s            0x00000000   Number         0  entry5.o ABSOLUTE
    ../clib/microlib/init/entry.s            0x00000000   Number         0  entry10b.o ABSOLUTE
    ../clib/microlib/init/entry.s            0x00000000   Number         0  entry7a.o ABSOLUTE
    ../clib/microlib/init/entry.s            0x00000000   Number         0  entry2.o ABSOLUTE
    ../clib/microlib/init/entry.s            0x00000000   Number         0  entry10a.o ABSOLUTE
    ../clib/microlib/init/entry.s            0x00000000   Number         0  entry7b.o ABSOLUTE
    ../clib/microlib/init/entry.s            0x00000000   Number         0  entry11a.o ABSOLUTE
    ../clib/microlib/init/entry.s            0x00000000   Number         0  entry9a.o ABSOLUTE
    ../clib/microlib/init/entry.s            0x00000000   Number         0  entry11b.o ABSOLUTE
    ../clib/microlib/init/entry.s            0x00000000   Number         0  entry8a.o ABSOLUTE
    ../clib/microlib/init/entry.s            0x00000000   Number         0  entry9b.o ABSOLUTE
    ../clib/microlib/init/entry.s            0x00000000   Number         0  entry8b.o ABSOLUTE
    ../clib/microlib/init/entry.s            0x00000000   Number         0  entry.o ABSOLUTE
    ../clib/microlib/string/memcpy.c         0x00000000   Number         0  memcpyb.o ABSOLUTE
    ../clib/microlib/string/memcpy.c         0x00000000   Number         0  memcpya.o ABSOLUTE
    ..\..\Libraries\STM32F4xx_StdPeriph_Driver\src\misc.c 0x00000000   Number         0  misc.o ABSOLUTE
    ..\..\Libraries\STM32F4xx_StdPeriph_Driver\src\stm32f4xx_exti.c 0x00000000   Number         0  stm32f4xx_exti.o ABSOLUTE
    ..\..\Libraries\STM32F4xx_StdPeriph_Driver\src\stm32f4xx_gpio.c 0x00000000   Number         0  stm32f4xx_gpio.o ABSOLUTE
    ..\..\Libraries\STM32F4xx_StdPeriph_Driver\src\stm32f4xx_rcc.c 0x00000000   Number         0  stm32f4xx_rcc.o ABSOLUTE
    ..\..\Libraries\STM32F4xx_StdPeriph_Driver\src\stm32f4xx_syscfg.c 0x00000000   Number         0  stm32f4xx_syscfg.o ABSOLUTE
    ..\..\Libraries\STM32F4xx_StdPeriph_Driver\src\stm32f4xx_tim.c 0x00000000   Number         0  stm32f4xx_tim.o ABSOLUTE
    ..\..\Libraries\STM32F4xx_StdPeriph_Driver\src\stm32f4xx_usart.c 0x00000000   Number         0  stm32f4xx_usart.o ABSOLUTE
    ..\\..\\Libraries\\STM32F4xx_StdPeriph_Driver\\src\\misc.c 0x00000000   Number         0  misc.o ABSOLUTE
    ..\\..\\Libraries\\STM32F4xx_StdPeriph_Driver\\src\\stm32f4xx_exti.c 0x00000000   Number         0  stm32f4xx_exti.o ABSOLUTE
    ..\\..\\Libraries\\STM32F4xx_StdPeriph_Driver\\src\\stm32f4xx_gpio.c 0x00000000   Number         0  stm32f4xx_gpio.o ABSOLUTE
    ..\\..\\Libraries\\STM32F4xx_StdPeriph_Driver\\src\\stm32f4xx_rcc.c 0x00000000   Number         0  stm32f4xx_rcc.o ABSOLUTE
    ..\\..\\Libraries\\STM32F4xx_StdPeriph_Driver\\src\\stm32f4xx_syscfg.c 0x00000000   Number         0  stm32f4xx_syscfg.o ABSOLUTE
    ..\\..\\Libraries\\STM32F4xx_StdPeriph_Driver\\src\\stm32f4xx_tim.c 0x00000000   Number         0  stm32f4xx_tim.o ABSOLUTE
    ..\\..\\Libraries\\STM32F4xx_StdPeriph_Driver\\src\\stm32f4xx_usart.c 0x00000000   Number         0  stm32f4xx_usart.o ABSOLUTE
    ..\\board\\src\\usart.c                  0x00000000   Number         0  usart.o ABSOLUTE
    ..\\src\\bsp\\bsp.c                      0x00000000   Number         0  bsp.o ABSOLUTE
    ..\\src\\bsp\\src\\bsp_led.c             0x00000000   Number         0  bsp_led.o ABSOLUTE
    ..\\src\\bsp\\src\\bsp_level_sensor_input.c 0x00000000   Number         0  bsp_level_sensor_input.o ABSOLUTE
    ..\\src\\bsp\\src\\bsp_limit_switch.c    0x00000000   Number         0  bsp_limit_switch.o ABSOLUTE
    ..\\src\\bsp\\src\\bsp_timer.c           0x00000000   Number         0  bsp_timer.o ABSOLUTE
    ..\\src\\bsp\\src\\bsp_uart_fifo.c       0x00000000   Number         0  bsp_uart_fifo.o ABSOLUTE
    ..\\src\\bsp\\src\\bsp_user_lib.c        0x00000000   Number         0  bsp_user_lib.o ABSOLUTE
    ..\\src\\main.c                          0x00000000   Number         0  main.o ABSOLUTE
    ..\\src\\modbus_slave.c                  0x00000000   Number         0  modbus_slave.o ABSOLUTE
    ..\\src\\stm32f4xx_it.c                  0x00000000   Number         0  stm32f4xx_it.o ABSOLUTE
    ..\\src\\system_stm32f4xx.c              0x00000000   Number         0  system_stm32f4xx.o ABSOLUTE
    ..\board\src\usart.c                     0x00000000   Number         0  usart.o ABSOLUTE
    ..\src\bsp\bsp.c                         0x00000000   Number         0  bsp.o ABSOLUTE
    ..\src\bsp\src\bsp_led.c                 0x00000000   Number         0  bsp_led.o ABSOLUTE
    ..\src\bsp\src\bsp_level_sensor_input.c  0x00000000   Number         0  bsp_level_sensor_input.o ABSOLUTE
    ..\src\bsp\src\bsp_limit_switch.c        0x00000000   Number         0  bsp_limit_switch.o ABSOLUTE
    ..\src\bsp\src\bsp_timer.c               0x00000000   Number         0  bsp_timer.o ABSOLUTE
    ..\src\bsp\src\bsp_uart_fifo.c           0x00000000   Number         0  bsp_uart_fifo.o ABSOLUTE
    ..\src\bsp\src\bsp_user_lib.c            0x00000000   Number         0  bsp_user_lib.o ABSOLUTE
    ..\src\main.c                            0x00000000   Number         0  main.o ABSOLUTE
    ..\src\modbus_slave.c                    0x00000000   Number         0  modbus_slave.o ABSOLUTE
    ..\src\stm32f4xx_it.c                    0x00000000   Number         0  stm32f4xx_it.o ABSOLUTE
    ..\src\system_stm32f4xx.c                0x00000000   Number         0  system_stm32f4xx.o ABSOLUTE
    dc.s                                     0x00000000   Number         0  dc.o ABSOLUTE
    handlers.s                               0x00000000   Number         0  handlers.o ABSOLUTE
    init.s                                   0x00000000   Number         0  init.o ABSOLUTE
    startup_stm32f4xx.s                      0x00000000   Number         0  startup_stm32f4xx.o ABSOLUTE
    RESET                                    0x08000000   Section      392  startup_stm32f4xx.o(RESET)
    .ARM.Collect$$$$00000000                 0x08000188   Section        0  entry.o(.ARM.Collect$$$$00000000)
    .ARM.Collect$$$$00000001                 0x08000188   Section        4  entry2.o(.ARM.Collect$$$$00000001)
    .ARM.Collect$$$$00000004                 0x0800018c   Section        4  entry5.o(.ARM.Collect$$$$00000004)
    .ARM.Collect$$$$00000008                 0x08000190   Section        0  entry7b.o(.ARM.Collect$$$$00000008)
    .ARM.Collect$$$$0000000A                 0x08000190   Section        0  entry8b.o(.ARM.Collect$$$$0000000A)
    .ARM.Collect$$$$0000000B                 0x08000190   Section        8  entry9a.o(.ARM.Collect$$$$0000000B)
    .ARM.Collect$$$$0000000D                 0x08000198   Section        0  entry10a.o(.ARM.Collect$$$$0000000D)
    .ARM.Collect$$$$0000000F                 0x08000198   Section        0  entry11a.o(.ARM.Collect$$$$0000000F)
    .ARM.Collect$$$$00002712                 0x08000198   Section        4  entry2.o(.ARM.Collect$$$$00002712)
    __lit__00000000                          0x08000198   Data           4  entry2.o(.ARM.Collect$$$$00002712)
    .text                                    0x0800019c   Section       52  startup_stm32f4xx.o(.text)
    $v0                                      0x0800019c   Number         0  startup_stm32f4xx.o(.text)
    .text                                    0x080001d0   Section        0  memcpya.o(.text)
    .text                                    0x080001f4   Section       36  init.o(.text)
    i.BusFault_Handler                       0x08000218   Section        0  stm32f4xx_it.o(i.BusFault_Handler)
    i.ComToUart                              0x0800021c   Section        0  bsp_uart_fifo.o(i.ComToUart)
    i.DebugMon_Handler                       0x0800022c   Section        0  stm32f4xx_it.o(i.DebugMon_Handler)
    i.Delay                                  0x0800022e   Section        0  bsp_timer.o(i.Delay)
    i.EXTI0_IRQHandler                       0x08000234   Section        0  stm32f4xx_it.o(i.EXTI0_IRQHandler)
    i.EXTI_ClearITPendingBit                 0x08000270   Section        0  stm32f4xx_exti.o(i.EXTI_ClearITPendingBit)
    i.EXTI_GetITStatus                       0x0800027c   Section        0  stm32f4xx_exti.o(i.EXTI_GetITStatus)
    i.GPIO_Init                              0x0800029c   Section        0  stm32f4xx_gpio.o(i.GPIO_Init)
    i.GPIO_PinAFConfig                       0x0800033e   Section        0  stm32f4xx_gpio.o(i.GPIO_PinAFConfig)
    i.GPIO_ReadInputDataBit                  0x0800035e   Section        0  stm32f4xx_gpio.o(i.GPIO_ReadInputDataBit)
    i.Get_Key                                0x0800036c   Section        0  bsp_limit_switch.o(i.Get_Key)
    i.HardFault_Handler                      0x0800038c   Section        0  stm32f4xx_it.o(i.HardFault_Handler)
    i.InitHardUart                           0x08000390   Section        0  bsp_uart_fifo.o(i.InitHardUart)
    InitHardUart                             0x08000391   Thumb Code   146  bsp_uart_fifo.o(i.InitHardUart)
    i.LEDOff                                 0x0800042c   Section        0  bsp_led.o(i.LEDOff)
    i.LEDOn                                  0x08000444   Section        0  bsp_led.o(i.LEDOn)
    i.LEDTog                                 0x0800045c   Section        0  bsp_led.o(i.LEDTog)
    i.LED_Configuration                      0x08000478   Section        0  bsp_led.o(i.LED_Configuration)
    i.LEVEL_SENSOR_INPUT_Configuration       0x080004ac   Section        0  bsp_level_sensor_input.o(i.LEVEL_SENSOR_INPUT_Configuration)
    i.MODS_AnalyzeApp                        0x080004f4   Section        0  modbus_slave.o(i.MODS_AnalyzeApp)
    MODS_AnalyzeApp                          0x080004f5   Thumb Code   758  modbus_slave.o(i.MODS_AnalyzeApp)
    i.MODS_AnalyzeApp_F2                     0x08000804   Section        0  modbus_slave.o(i.MODS_AnalyzeApp_F2)
    MODS_AnalyzeApp_F2                       0x08000805   Thumb Code   218  modbus_slave.o(i.MODS_AnalyzeApp_F2)
    i.MODS_Poll                              0x080008f0   Section        0  modbus_slave.o(i.MODS_Poll)
    i.MODS_ReciveNew                         0x0800097c   Section        0  modbus_slave.o(i.MODS_ReciveNew)
    i.MODS_RxTimeOut                         0x080009b0   Section        0  modbus_slave.o(i.MODS_RxTimeOut)
    MODS_RxTimeOut                           0x080009b1   Thumb Code     8  modbus_slave.o(i.MODS_RxTimeOut)
    i.MODS_SendWithCRC                       0x080009bc   Section        0  modbus_slave.o(i.MODS_SendWithCRC)
    MODS_SendWithCRC                         0x080009bd   Thumb Code    44  modbus_slave.o(i.MODS_SendWithCRC)
    i.MemManage_Handler                      0x080009e8   Section        0  stm32f4xx_it.o(i.MemManage_Handler)
    i.NMI_Handler                            0x080009ea   Section        0  stm32f4xx_it.o(i.NMI_Handler)
    i.NVIC_Configuration                     0x080009ec   Section        0  bsp_timer.o(i.NVIC_Configuration)
    i.NVIC_Init                              0x08000a10   Section        0  misc.o(i.NVIC_Init)
    i.NVIC_PriorityGroupConfig               0x08000a74   Section        0  misc.o(i.NVIC_PriorityGroupConfig)
    i.RCC_AHB1PeriphClockCmd                 0x08000a88   Section        0  stm32f4xx_rcc.o(i.RCC_AHB1PeriphClockCmd)
    i.RCC_APB1PeriphClockCmd                 0x08000aa0   Section        0  stm32f4xx_rcc.o(i.RCC_APB1PeriphClockCmd)
    i.RCC_APB2PeriphClockCmd                 0x08000ab8   Section        0  stm32f4xx_rcc.o(i.RCC_APB2PeriphClockCmd)
    i.RCC_GetClocksFreq                      0x08000ad0   Section        0  stm32f4xx_rcc.o(i.RCC_GetClocksFreq)
    i.RS485_ReciveNew                        0x08000b60   Section        0  bsp_uart_fifo.o(i.RS485_ReciveNew)
    i.RS485_SendBefor                        0x08000b64   Section        0  bsp_uart_fifo.o(i.RS485_SendBefor)
    i.RS485_SendBuf                          0x08000b66   Section        0  bsp_uart_fifo.o(i.RS485_SendBuf)
    i.RS485_SendOver                         0x08000b70   Section        0  bsp_uart_fifo.o(i.RS485_SendOver)
    i.SVC_Handler                            0x08000b72   Section        0  stm32f4xx_it.o(i.SVC_Handler)
    i.SetSysClock                            0x08000b74   Section        0  system_stm32f4xx.o(i.SetSysClock)
    SetSysClock                              0x08000b75   Thumb Code   162  system_stm32f4xx.o(i.SetSysClock)
    i.SysTick_Config                         0x08000c28   Section        0  bsp_timer.o(i.SysTick_Config)
    SysTick_Config                           0x08000c29   Thumb Code    38  bsp_timer.o(i.SysTick_Config)
    i.SysTick_Handler                        0x08000c54   Section        0  stm32f4xx_it.o(i.SysTick_Handler)
    i.SystemInit                             0x08000c64   Section        0  system_stm32f4xx.o(i.SystemInit)
    i.TIM2_IRQHandler                        0x08000cc0   Section        0  bsp_timer.o(i.TIM2_IRQHandler)
    i.TIM4_IRQHandler                        0x08000d54   Section        0  bsp_timer.o(i.TIM4_IRQHandler)
    i.TIMER_Configuration                    0x08000d9c   Section        0  bsp_timer.o(i.TIMER_Configuration)
    i.TIM_ClearITPendingBit                  0x08000dd4   Section        0  stm32f4xx_tim.o(i.TIM_ClearITPendingBit)
    i.TIM_Cmd                                0x08000dda   Section        0  stm32f4xx_tim.o(i.TIM_Cmd)
    i.TIM_GetCounter                         0x08000dee   Section        0  stm32f4xx_tim.o(i.TIM_GetCounter)
    i.TIM_GetITStatus                        0x08000df2   Section        0  stm32f4xx_tim.o(i.TIM_GetITStatus)
    i.TIM_ITConfig                           0x08000e0a   Section        0  stm32f4xx_tim.o(i.TIM_ITConfig)
    i.TIM_SetCompare1                        0x08000e1a   Section        0  stm32f4xx_tim.o(i.TIM_SetCompare1)
    i.TIM_SetCompare2                        0x08000e1e   Section        0  stm32f4xx_tim.o(i.TIM_SetCompare2)
    i.TIM_SetCompare3                        0x08000e22   Section        0  stm32f4xx_tim.o(i.TIM_SetCompare3)
    i.TIM_SetCompare4                        0x08000e26   Section        0  stm32f4xx_tim.o(i.TIM_SetCompare4)
    i.TIM_TimeBaseInit                       0x08000e2c   Section        0  stm32f4xx_tim.o(i.TIM_TimeBaseInit)
    i.USART1_IRQHandler                      0x08000ea8   Section        0  bsp_uart_fifo.o(i.USART1_IRQHandler)
    i.USART2_IRQHandler                      0x08000eb4   Section        0  bsp_uart_fifo.o(i.USART2_IRQHandler)
    i.USART_ClearFlag                        0x08000eb6   Section        0  stm32f4xx_usart.o(i.USART_ClearFlag)
    i.USART_Cmd                              0x08000ebc   Section        0  stm32f4xx_usart.o(i.USART_Cmd)
    i.USART_GetITStatus                      0x08000ed0   Section        0  stm32f4xx_usart.o(i.USART_GetITStatus)
    i.USART_ITConfig                         0x08000f0e   Section        0  stm32f4xx_usart.o(i.USART_ITConfig)
    i.USART_Init                             0x08000f40   Section        0  stm32f4xx_usart.o(i.USART_Init)
    i.USART_ReceiveData                      0x08000fec   Section        0  stm32f4xx_usart.o(i.USART_ReceiveData)
    i.USART_SendData                         0x08000ff4   Section        0  stm32f4xx_usart.o(i.USART_SendData)
    i.UartIRQ                                0x08000ffc   Section        0  bsp_uart_fifo.o(i.UartIRQ)
    UartIRQ                                  0x08000ffd   Thumb Code   192  bsp_uart_fifo.o(i.UartIRQ)
    i.UartVarInit                            0x080010bc   Section        0  bsp_uart_fifo.o(i.UartVarInit)
    UartVarInit                              0x080010bd   Thumb Code    96  bsp_uart_fifo.o(i.UartVarInit)
    i.UsageFault_Handler                     0x08001134   Section        0  stm32f4xx_it.o(i.UsageFault_Handler)
    i.__scatterload_copy                     0x08001136   Section       14  handlers.o(i.__scatterload_copy)
    i.__scatterload_null                     0x08001144   Section        2  handlers.o(i.__scatterload_null)
    i.__scatterload_zeroinit                 0x08001146   Section       14  handlers.o(i.__scatterload_zeroinit)
    i.bsp_Init                               0x08001154   Section        0  bsp.o(i.bsp_Init)
    i.bsp_InitHardTimer                      0x08001170   Section        0  bsp_timer.o(i.bsp_InitHardTimer)
    i.bsp_InitTimer                          0x080011d4   Section        0  bsp_timer.o(i.bsp_InitTimer)
    i.bsp_InitUart                           0x08001218   Section        0  bsp_uart_fifo.o(i.bsp_InitUart)
    i.bsp_StartHardTimer                     0x08001248   Section        0  bsp_timer.o(i.bsp_StartHardTimer)
    i.comSendBuf                             0x080012e0   Section        0  bsp_uart_fifo.o(i.comSendBuf)
    i.delay_ms                               0x0800135c   Section        0  bsp_timer.o(i.delay_ms)
    i.main                                   0x08001380   Section        0  main.o(i.main)
    i.sum_check                              0x0800138e   Section        0  bsp_user_lib.o(i.sum_check)
    .constdata                               0x080013a2   Section       12  bsp_led.o(.constdata)
    LED_PIN                                  0x080013a2   Data          12  bsp_led.o(.constdata)
    .constdata                               0x080013ae   Section        6  bsp_limit_switch.o(.constdata)
    KEY_PNS                                  0x080013ae   Data           1  bsp_limit_switch.o(.constdata)
    KEY_IRQ                                  0x080013af   Data           1  bsp_limit_switch.o(.constdata)
    KEY_PIN                                  0x080013b0   Data           2  bsp_limit_switch.o(.constdata)
    KEY_SRC                                  0x080013b2   Data           2  bsp_limit_switch.o(.constdata)
    .data                                    0x20000000   Section       20  system_stm32f4xx.o(.data)
    .data                                    0x20000014   Section       16  modbus_slave.o(.data)
    .data                                    0x20000024   Section        4  modbus_slave.o(.data)
    .data                                    0x20000028   Section       16  stm32f4xx_rcc.o(.data)
    APBAHBPrescTable                         0x20000028   Data          16  stm32f4xx_rcc.o(.data)
    .data                                    0x20000038   Section       24  bsp_led.o(.data)
    LED_PORT                                 0x20000038   Data          24  bsp_led.o(.data)
    .data                                    0x20000050   Section       20  bsp_timer.o(.data)
    s_TIM_CallBack1                          0x20000054   Data           4  bsp_timer.o(.data)
    s_TIM_CallBack2                          0x20000058   Data           4  bsp_timer.o(.data)
    s_TIM_CallBack3                          0x2000005c   Data           4  bsp_timer.o(.data)
    s_TIM_CallBack4                          0x20000060   Data           4  bsp_timer.o(.data)
    .bss                                     0x20000064   Section      163  modbus_slave.o(.bss)
    .bss                                     0x20000108   Section       48  bsp_timer.o(.bss)
    s_tTmr                                   0x20000108   Data          48  bsp_timer.o(.bss)
    .bss                                     0x20000138   Section     4176  bsp_uart_fifo.o(.bss)
    g_tUart1                                 0x20000138   Data          40  bsp_uart_fifo.o(.bss)
    g_TxBuf1                                 0x20000160   Data        1024  bsp_uart_fifo.o(.bss)
    g_RxBuf1                                 0x20000560   Data        1024  bsp_uart_fifo.o(.bss)
    g_tUart2                                 0x20000960   Data          40  bsp_uart_fifo.o(.bss)
    g_TxBuf2                                 0x20000988   Data        1024  bsp_uart_fifo.o(.bss)
    g_RxBuf2                                 0x20000d88   Data        1024  bsp_uart_fifo.o(.bss)
    STACK                                    0x20001188   Section     1024  startup_stm32f4xx.o(STACK)

    Global Symbols

    Symbol Name                              Value     Ov Type        Size  Object(Section)

    BuildAttributes$$THM_ISAv4$E$P$D$K$B$S$7EM$VFPi3$EXTD16$VFPS$VFMA$PE$A:L22UL41UL21$X:L11$S22US41US21$IEEE1$IW$USESV6$~STKCKD$USESV7$~SHL$OSPACE$EBA8$MICROLIB$REQ8$PRES8$EABIv2 0x00000000   Number         0  anon$$obj.o ABSOLUTE
    __ARM_use_no_argv                        0x00000000   Number         0  main.o ABSOLUTE
    __cpp_initialize__aeabi_                  - Undefined Weak Reference
    __cxa_finalize                            - Undefined Weak Reference
    __decompress                              - Undefined Weak Reference
    _clock_init                               - Undefined Weak Reference
    _microlib_exit                            - Undefined Weak Reference
    __Vectors_Size                           0x00000188   Number         0  startup_stm32f4xx.o ABSOLUTE
    __Vectors                                0x08000000   Data           4  startup_stm32f4xx.o(RESET)
    __Vectors_End                            0x08000188   Data           0  startup_stm32f4xx.o(RESET)
    __main                                   0x08000189   Thumb Code     0  entry.o(.ARM.Collect$$$$00000000)
    _main_stk                                0x08000189   Thumb Code     0  entry2.o(.ARM.Collect$$$$00000001)
    _main_scatterload                        0x0800018d   Thumb Code     0  entry5.o(.ARM.Collect$$$$00000004)
    __main_after_scatterload                 0x08000191   Thumb Code     0  entry5.o(.ARM.Collect$$$$00000004)
    _main_clock                              0x08000191   Thumb Code     0  entry7b.o(.ARM.Collect$$$$00000008)
    _main_cpp_init                           0x08000191   Thumb Code     0  entry8b.o(.ARM.Collect$$$$0000000A)
    _main_init                               0x08000191   Thumb Code     0  entry9a.o(.ARM.Collect$$$$0000000B)
    __rt_final_cpp                           0x08000199   Thumb Code     0  entry10a.o(.ARM.Collect$$$$0000000D)
    __rt_final_exit                          0x08000199   Thumb Code     0  entry11a.o(.ARM.Collect$$$$0000000F)
    Reset_Handler                            0x0800019d   Thumb Code    18  startup_stm32f4xx.o(.text)
    OSPendSV                                 0x080001bd   Thumb Code     2  startup_stm32f4xx.o(.text)
    ADC_IRQHandler                           0x080001c1   Thumb Code     0  startup_stm32f4xx.o(.text)
    CAN1_RX0_IRQHandler                      0x080001c1   Thumb Code     0  startup_stm32f4xx.o(.text)
    CAN1_RX1_IRQHandler                      0x080001c1   Thumb Code     0  startup_stm32f4xx.o(.text)
    CAN1_SCE_IRQHandler                      0x080001c1   Thumb Code     0  startup_stm32f4xx.o(.text)
    CAN1_TX_IRQHandler                       0x080001c1   Thumb Code     0  startup_stm32f4xx.o(.text)
    CAN2_RX0_IRQHandler                      0x080001c1   Thumb Code     0  startup_stm32f4xx.o(.text)
    CAN2_RX1_IRQHandler                      0x080001c1   Thumb Code     0  startup_stm32f4xx.o(.text)
    CAN2_SCE_IRQHandler                      0x080001c1   Thumb Code     0  startup_stm32f4xx.o(.text)
    CAN2_TX_IRQHandler                       0x080001c1   Thumb Code     0  startup_stm32f4xx.o(.text)
    CRYP_IRQHandler                          0x080001c1   Thumb Code     0  startup_stm32f4xx.o(.text)
    DCMI_IRQHandler                          0x080001c1   Thumb Code     0  startup_stm32f4xx.o(.text)
    DMA1_Stream0_IRQHandler                  0x080001c1   Thumb Code     0  startup_stm32f4xx.o(.text)
    DMA1_Stream1_IRQHandler                  0x080001c1   Thumb Code     0  startup_stm32f4xx.o(.text)
    DMA1_Stream2_IRQHandler                  0x080001c1   Thumb Code     0  startup_stm32f4xx.o(.text)
    DMA1_Stream3_IRQHandler                  0x080001c1   Thumb Code     0  startup_stm32f4xx.o(.text)
    DMA1_Stream4_IRQHandler                  0x080001c1   Thumb Code     0  startup_stm32f4xx.o(.text)
    DMA1_Stream5_IRQHandler                  0x080001c1   Thumb Code     0  startup_stm32f4xx.o(.text)
    DMA1_Stream6_IRQHandler                  0x080001c1   Thumb Code     0  startup_stm32f4xx.o(.text)
    DMA1_Stream7_IRQHandler                  0x080001c1   Thumb Code     0  startup_stm32f4xx.o(.text)
    DMA2_Stream0_IRQHandler                  0x080001c1   Thumb Code     0  startup_stm32f4xx.o(.text)
    DMA2_Stream1_IRQHandler                  0x080001c1   Thumb Code     0  startup_stm32f4xx.o(.text)
    DMA2_Stream2_IRQHandler                  0x080001c1   Thumb Code     0  startup_stm32f4xx.o(.text)
    DMA2_Stream3_IRQHandler                  0x080001c1   Thumb Code     0  startup_stm32f4xx.o(.text)
    DMA2_Stream4_IRQHandler                  0x080001c1   Thumb Code     0  startup_stm32f4xx.o(.text)
    DMA2_Stream5_IRQHandler                  0x080001c1   Thumb Code     0  startup_stm32f4xx.o(.text)
    DMA2_Stream6_IRQHandler                  0x080001c1   Thumb Code     0  startup_stm32f4xx.o(.text)
    DMA2_Stream7_IRQHandler                  0x080001c1   Thumb Code     0  startup_stm32f4xx.o(.text)
    ETH_IRQHandler                           0x080001c1   Thumb Code     0  startup_stm32f4xx.o(.text)
    ETH_WKUP_IRQHandler                      0x080001c1   Thumb Code     0  startup_stm32f4xx.o(.text)
    EXTI15_10_IRQHandler                     0x080001c1   Thumb Code     0  startup_stm32f4xx.o(.text)
    EXTI1_IRQHandler                         0x080001c1   Thumb Code     0  startup_stm32f4xx.o(.text)
    EXTI2_IRQHandler                         0x080001c1   Thumb Code     0  startup_stm32f4xx.o(.text)
    EXTI3_IRQHandler                         0x080001c1   Thumb Code     0  startup_stm32f4xx.o(.text)
    EXTI4_IRQHandler                         0x080001c1   Thumb Code     0  startup_stm32f4xx.o(.text)
    EXTI9_5_IRQHandler                       0x080001c1   Thumb Code     0  startup_stm32f4xx.o(.text)
    FLASH_IRQHandler                         0x080001c1   Thumb Code     0  startup_stm32f4xx.o(.text)
    FPU_IRQHandler                           0x080001c1   Thumb Code     0  startup_stm32f4xx.o(.text)
    FSMC_IRQHandler                          0x080001c1   Thumb Code     0  startup_stm32f4xx.o(.text)
    HASH_RNG_IRQHandler                      0x080001c1   Thumb Code     0  startup_stm32f4xx.o(.text)
    I2C1_ER_IRQHandler                       0x080001c1   Thumb Code     0  startup_stm32f4xx.o(.text)
    I2C1_EV_IRQHandler                       0x080001c1   Thumb Code     0  startup_stm32f4xx.o(.text)
    I2C2_ER_IRQHandler                       0x080001c1   Thumb Code     0  startup_stm32f4xx.o(.text)
    I2C2_EV_IRQHandler                       0x080001c1   Thumb Code     0  startup_stm32f4xx.o(.text)
    I2C3_ER_IRQHandler                       0x080001c1   Thumb Code     0  startup_stm32f4xx.o(.text)
    I2C3_EV_IRQHandler                       0x080001c1   Thumb Code     0  startup_stm32f4xx.o(.text)
    OTG_FS_IRQHandler                        0x080001c1   Thumb Code     0  startup_stm32f4xx.o(.text)
    OTG_FS_WKUP_IRQHandler                   0x080001c1   Thumb Code     0  startup_stm32f4xx.o(.text)
    OTG_HS_EP1_IN_IRQHandler                 0x080001c1   Thumb Code     0  startup_stm32f4xx.o(.text)
    OTG_HS_EP1_OUT_IRQHandler                0x080001c1   Thumb Code     0  startup_stm32f4xx.o(.text)
    OTG_HS_IRQHandler                        0x080001c1   Thumb Code     0  startup_stm32f4xx.o(.text)
    OTG_HS_WKUP_IRQHandler                   0x080001c1   Thumb Code     0  startup_stm32f4xx.o(.text)
    PVD_IRQHandler                           0x080001c1   Thumb Code     0  startup_stm32f4xx.o(.text)
    RCC_IRQHandler                           0x080001c1   Thumb Code     0  startup_stm32f4xx.o(.text)
    RTC_Alarm_IRQHandler                     0x080001c1   Thumb Code     0  startup_stm32f4xx.o(.text)
    RTC_WKUP_IRQHandler                      0x080001c1   Thumb Code     0  startup_stm32f4xx.o(.text)
    SDIO_IRQHandler                          0x080001c1   Thumb Code     0  startup_stm32f4xx.o(.text)
    SPI1_IRQHandler                          0x080001c1   Thumb Code     0  startup_stm32f4xx.o(.text)
    SPI2_IRQHandler                          0x080001c1   Thumb Code     0  startup_stm32f4xx.o(.text)
    SPI3_IRQHandler                          0x080001c1   Thumb Code     0  startup_stm32f4xx.o(.text)
    TAMP_STAMP_IRQHandler                    0x080001c1   Thumb Code     0  startup_stm32f4xx.o(.text)
    TIM1_BRK_TIM9_IRQHandler                 0x080001c1   Thumb Code     0  startup_stm32f4xx.o(.text)
    TIM1_CC_IRQHandler                       0x080001c1   Thumb Code     0  startup_stm32f4xx.o(.text)
    TIM1_TRG_COM_TIM11_IRQHandler            0x080001c1   Thumb Code     0  startup_stm32f4xx.o(.text)
    TIM1_UP_TIM10_IRQHandler                 0x080001c1   Thumb Code     0  startup_stm32f4xx.o(.text)
    TIM3_IRQHandler                          0x080001c1   Thumb Code     0  startup_stm32f4xx.o(.text)
    TIM5_IRQHandler                          0x080001c1   Thumb Code     0  startup_stm32f4xx.o(.text)
    TIM6_DAC_IRQHandler                      0x080001c1   Thumb Code     0  startup_stm32f4xx.o(.text)
    TIM7_IRQHandler                          0x080001c1   Thumb Code     0  startup_stm32f4xx.o(.text)
    TIM8_BRK_TIM12_IRQHandler                0x080001c1   Thumb Code     0  startup_stm32f4xx.o(.text)
    TIM8_CC_IRQHandler                       0x080001c1   Thumb Code     0  startup_stm32f4xx.o(.text)
    TIM8_TRG_COM_TIM14_IRQHandler            0x080001c1   Thumb Code     0  startup_stm32f4xx.o(.text)
    TIM8_UP_TIM13_IRQHandler                 0x080001c1   Thumb Code     0  startup_stm32f4xx.o(.text)
    UART4_IRQHandler                         0x080001c1   Thumb Code     0  startup_stm32f4xx.o(.text)
    UART5_IRQHandler                         0x080001c1   Thumb Code     0  startup_stm32f4xx.o(.text)
    USART3_IRQHandler                        0x080001c1   Thumb Code     0  startup_stm32f4xx.o(.text)
    USART6_IRQHandler                        0x080001c1   Thumb Code     0  startup_stm32f4xx.o(.text)
    WWDG_IRQHandler                          0x080001c1   Thumb Code     0  startup_stm32f4xx.o(.text)
    __aeabi_memcpy                           0x080001d1   Thumb Code    36  memcpya.o(.text)
    __aeabi_memcpy4                          0x080001d1   Thumb Code     0  memcpya.o(.text)
    __aeabi_memcpy8                          0x080001d1   Thumb Code     0  memcpya.o(.text)
    __scatterload                            0x080001f5   Thumb Code    28  init.o(.text)
    __scatterload_rt2                        0x080001f5   Thumb Code     0  init.o(.text)
    BusFault_Handler                         0x08000219   Thumb Code     2  stm32f4xx_it.o(i.BusFault_Handler)
    ComToUart                                0x0800021d   Thumb Code    10  bsp_uart_fifo.o(i.ComToUart)
    DebugMon_Handler                         0x0800022d   Thumb Code     2  stm32f4xx_it.o(i.DebugMon_Handler)
    Delay                                    0x0800022f   Thumb Code     6  bsp_timer.o(i.Delay)
    EXTI0_IRQHandler                         0x08000235   Thumb Code    52  stm32f4xx_it.o(i.EXTI0_IRQHandler)
    EXTI_ClearITPendingBit                   0x08000271   Thumb Code     6  stm32f4xx_exti.o(i.EXTI_ClearITPendingBit)
    EXTI_GetITStatus                         0x0800027d   Thumb Code    28  stm32f4xx_exti.o(i.EXTI_GetITStatus)
    GPIO_Init                                0x0800029d   Thumb Code   162  stm32f4xx_gpio.o(i.GPIO_Init)
    GPIO_PinAFConfig                         0x0800033f   Thumb Code    32  stm32f4xx_gpio.o(i.GPIO_PinAFConfig)
    GPIO_ReadInputDataBit                    0x0800035f   Thumb Code    14  stm32f4xx_gpio.o(i.GPIO_ReadInputDataBit)
    Get_Key                                  0x0800036d   Thumb Code    22  bsp_limit_switch.o(i.Get_Key)
    HardFault_Handler                        0x0800038d   Thumb Code     2  stm32f4xx_it.o(i.HardFault_Handler)
    LEDOff                                   0x0800042d   Thumb Code    16  bsp_led.o(i.LEDOff)
    LEDOn                                    0x08000445   Thumb Code    16  bsp_led.o(i.LEDOn)
    LEDTog                                   0x0800045d   Thumb Code    20  bsp_led.o(i.LEDTog)
    LED_Configuration                        0x08000479   Thumb Code    48  bsp_led.o(i.LED_Configuration)
    LEVEL_SENSOR_INPUT_Configuration         0x080004ad   Thumb Code    64  bsp_level_sensor_input.o(i.LEVEL_SENSOR_INPUT_Configuration)
    MODS_Poll                                0x080008f1   Thumb Code   118  modbus_slave.o(i.MODS_Poll)
    MODS_ReciveNew                           0x0800097d   Thumb Code    40  modbus_slave.o(i.MODS_ReciveNew)
    MemManage_Handler                        0x080009e9   Thumb Code     2  stm32f4xx_it.o(i.MemManage_Handler)
    NMI_Handler                              0x080009eb   Thumb Code     2  stm32f4xx_it.o(i.NMI_Handler)
    NVIC_Configuration                       0x080009ed   Thumb Code    34  bsp_timer.o(i.NVIC_Configuration)
    NVIC_Init                                0x08000a11   Thumb Code    96  misc.o(i.NVIC_Init)
    NVIC_PriorityGroupConfig                 0x08000a75   Thumb Code    10  misc.o(i.NVIC_PriorityGroupConfig)
    RCC_AHB1PeriphClockCmd                   0x08000a89   Thumb Code    18  stm32f4xx_rcc.o(i.RCC_AHB1PeriphClockCmd)
    RCC_APB1PeriphClockCmd                   0x08000aa1   Thumb Code    18  stm32f4xx_rcc.o(i.RCC_APB1PeriphClockCmd)
    RCC_APB2PeriphClockCmd                   0x08000ab9   Thumb Code    18  stm32f4xx_rcc.o(i.RCC_APB2PeriphClockCmd)
    RCC_GetClocksFreq                        0x08000ad1   Thumb Code   132  stm32f4xx_rcc.o(i.RCC_GetClocksFreq)
    RS485_ReciveNew                          0x08000b61   Thumb Code     4  bsp_uart_fifo.o(i.RS485_ReciveNew)
    RS485_SendBefor                          0x08000b65   Thumb Code     2  bsp_uart_fifo.o(i.RS485_SendBefor)
    RS485_SendBuf                            0x08000b67   Thumb Code    10  bsp_uart_fifo.o(i.RS485_SendBuf)
    RS485_SendOver                           0x08000b71   Thumb Code     2  bsp_uart_fifo.o(i.RS485_SendOver)
    SVC_Handler                              0x08000b73   Thumb Code     2  stm32f4xx_it.o(i.SVC_Handler)
    SysTick_Handler                          0x08000c55   Thumb Code    10  stm32f4xx_it.o(i.SysTick_Handler)
    SystemInit                               0x08000c65   Thumb Code    74  system_stm32f4xx.o(i.SystemInit)
    TIM2_IRQHandler                          0x08000cc1   Thumb Code   142  bsp_timer.o(i.TIM2_IRQHandler)
    TIM4_IRQHandler                          0x08000d55   Thumb Code    58  bsp_timer.o(i.TIM4_IRQHandler)
    TIMER_Configuration                      0x08000d9d   Thumb Code    52  bsp_timer.o(i.TIMER_Configuration)
    TIM_ClearITPendingBit                    0x08000dd5   Thumb Code     6  stm32f4xx_tim.o(i.TIM_ClearITPendingBit)
    TIM_Cmd                                  0x08000ddb   Thumb Code    20  stm32f4xx_tim.o(i.TIM_Cmd)
    TIM_GetCounter                           0x08000def   Thumb Code     4  stm32f4xx_tim.o(i.TIM_GetCounter)
    TIM_GetITStatus                          0x08000df3   Thumb Code    24  stm32f4xx_tim.o(i.TIM_GetITStatus)
    TIM_ITConfig                             0x08000e0b   Thumb Code    16  stm32f4xx_tim.o(i.TIM_ITConfig)
    TIM_SetCompare1                          0x08000e1b   Thumb Code     4  stm32f4xx_tim.o(i.TIM_SetCompare1)
    TIM_SetCompare2                          0x08000e1f   Thumb Code     4  stm32f4xx_tim.o(i.TIM_SetCompare2)
    TIM_SetCompare3                          0x08000e23   Thumb Code     4  stm32f4xx_tim.o(i.TIM_SetCompare3)
    TIM_SetCompare4                          0x08000e27   Thumb Code     4  stm32f4xx_tim.o(i.TIM_SetCompare4)
    TIM_TimeBaseInit                         0x08000e2d   Thumb Code    96  stm32f4xx_tim.o(i.TIM_TimeBaseInit)
    USART1_IRQHandler                        0x08000ea9   Thumb Code     6  bsp_uart_fifo.o(i.USART1_IRQHandler)
    USART2_IRQHandler                        0x08000eb5   Thumb Code     2  bsp_uart_fifo.o(i.USART2_IRQHandler)
    USART_ClearFlag                          0x08000eb7   Thumb Code     6  stm32f4xx_usart.o(i.USART_ClearFlag)
    USART_Cmd                                0x08000ebd   Thumb Code    20  stm32f4xx_usart.o(i.USART_Cmd)
    USART_GetITStatus                        0x08000ed1   Thumb Code    62  stm32f4xx_usart.o(i.USART_GetITStatus)
    USART_ITConfig                           0x08000f0f   Thumb Code    48  stm32f4xx_usart.o(i.USART_ITConfig)
    USART_Init                               0x08000f41   Thumb Code   164  stm32f4xx_usart.o(i.USART_Init)
    USART_ReceiveData                        0x08000fed   Thumb Code     8  stm32f4xx_usart.o(i.USART_ReceiveData)
    USART_SendData                           0x08000ff5   Thumb Code     8  stm32f4xx_usart.o(i.USART_SendData)
    UsageFault_Handler                       0x08001135   Thumb Code     2  stm32f4xx_it.o(i.UsageFault_Handler)
    __scatterload_copy                       0x08001137   Thumb Code    14  handlers.o(i.__scatterload_copy)
    __scatterload_null                       0x08001145   Thumb Code     2  handlers.o(i.__scatterload_null)
    __scatterload_zeroinit                   0x08001147   Thumb Code    14  handlers.o(i.__scatterload_zeroinit)
    bsp_Init                                 0x08001155   Thumb Code    26  bsp.o(i.bsp_Init)
    bsp_InitHardTimer                        0x08001171   Thumb Code    92  bsp_timer.o(i.bsp_InitHardTimer)
    bsp_InitTimer                            0x080011d5   Thumb Code    58  bsp_timer.o(i.bsp_InitTimer)
    bsp_InitUart                             0x08001219   Thumb Code    48  bsp_uart_fifo.o(i.bsp_InitUart)
    bsp_StartHardTimer                       0x08001249   Thumb Code   146  bsp_timer.o(i.bsp_StartHardTimer)
    comSendBuf                               0x080012e1   Thumb Code   122  bsp_uart_fifo.o(i.comSendBuf)
    delay_ms                                 0x0800135d   Thumb Code    26  bsp_timer.o(i.delay_ms)
    main                                     0x08001381   Thumb Code    14  main.o(i.main)
    sum_check                                0x0800138f   Thumb Code    20  bsp_user_lib.o(i.sum_check)
    Region$$Table$$Base                      0x080013b4   Number         0  anon$$obj.o(Region$$Table)
    Region$$Table$$Limit                     0x080013d4   Number         0  anon$$obj.o(Region$$Table)
    SystemCoreClock                          0x20000000   Data           4  system_stm32f4xx.o(.data)
    AHBPrescTable                            0x20000004   Data          16  system_stm32f4xx.o(.data)
    g_mods_timeout                           0x20000014   Data           1  modbus_slave.o(.data)
    timer_flag                               0x20000018   Data           4  modbus_slave.o(.data)
    limit_switch_flag_1                      0x2000001c   Data           4  modbus_slave.o(.data)
    limit_switch_flag_2                      0x20000020   Data           4  modbus_slave.o(.data)
    c                                        0x20000024   Data           4  modbus_slave.o(.data)
    ntime                                    0x20000050   Data           2  bsp_timer.o(.data)
    g_tModS                                  0x20000064   Data         163  modbus_slave.o(.bss)
    __initial_sp                             0x20001588   Data           0  startup_stm32f4xx.o(STACK)



==============================================================================

Memory Map of the image

  Image Entry point : 0x08000189

  Load Region LR_IROM1 (Base: 0x08000000, Size: 0x00001438, Max: 0x00100000, ABSOLUTE)

    Execution Region ER_IROM1 (Base: 0x08000000, Size: 0x000013d4, Max: 0x00100000, ABSOLUTE)

    Base Addr    Size         Type   Attr      Idx    E Section Name        Object

    0x08000000   0x00000188   Data   RO            3    RESET               startup_stm32f4xx.o
    0x08000188   0x00000000   Code   RO         2010  * .ARM.Collect$$$$00000000  mc_w.l(entry.o)
    0x08000188   0x00000004   Code   RO         2017    .ARM.Collect$$$$00000001  mc_w.l(entry2.o)
    0x0800018c   0x00000004   Code   RO         2020    .ARM.Collect$$$$00000004  mc_w.l(entry5.o)
    0x08000190   0x00000000   Code   RO         2022    .ARM.Collect$$$$00000008  mc_w.l(entry7b.o)
    0x08000190   0x00000000   Code   RO         2024    .ARM.Collect$$$$0000000A  mc_w.l(entry8b.o)
    0x08000190   0x00000008   Code   RO         2025    .ARM.Collect$$$$0000000B  mc_w.l(entry9a.o)
    0x08000198   0x00000000   Code   RO         2027    .ARM.Collect$$$$0000000D  mc_w.l(entry10a.o)
    0x08000198   0x00000000   Code   RO         2029    .ARM.Collect$$$$0000000F  mc_w.l(entry11a.o)
    0x08000198   0x00000004   Code   RO         2018    .ARM.Collect$$$$00002712  mc_w.l(entry2.o)
    0x0800019c   0x00000034   Code   RO            4    .text               startup_stm32f4xx.o
    0x080001d0   0x00000024   Code   RO         2013    .text               mc_w.l(memcpya.o)
    0x080001f4   0x00000024   Code   RO         2031    .text               mc_w.l(init.o)
    0x08000218   0x00000002   Code   RO          218    i.BusFault_Handler  stm32f4xx_it.o
    0x0800021a   0x00000002   PAD
    0x0800021c   0x00000010   Code   RO         1883    i.ComToUart         bsp_uart_fifo.o
    0x0800022c   0x00000002   Code   RO          219    i.DebugMon_Handler  stm32f4xx_it.o
    0x0800022e   0x00000006   Code   RO         1731    i.Delay             bsp_timer.o
    0x08000234   0x0000003c   Code   RO          220    i.EXTI0_IRQHandler  stm32f4xx_it.o
    0x08000270   0x0000000c   Code   RO         1356    i.EXTI_ClearITPendingBit  stm32f4xx_exti.o
    0x0800027c   0x00000020   Code   RO         1360    i.EXTI_GetITStatus  stm32f4xx_exti.o
    0x0800029c   0x000000a2   Code   RO          711    i.GPIO_Init         stm32f4xx_gpio.o
    0x0800033e   0x00000020   Code   RO          712    i.GPIO_PinAFConfig  stm32f4xx_gpio.o
    0x0800035e   0x0000000e   Code   RO          715    i.GPIO_ReadInputDataBit  stm32f4xx_gpio.o
    0x0800036c   0x00000020   Code   RO         1819    i.Get_Key           bsp_limit_switch.o
    0x0800038c   0x00000002   Code   RO          221    i.HardFault_Handler  stm32f4xx_it.o
    0x0800038e   0x00000002   PAD
    0x08000390   0x0000009c   Code   RO         1884    i.InitHardUart      bsp_uart_fifo.o
    0x0800042c   0x00000018   Code   RO         1687    i.LEDOff            bsp_led.o
    0x08000444   0x00000018   Code   RO         1688    i.LEDOn             bsp_led.o
    0x0800045c   0x0000001c   Code   RO         1689    i.LEDTog            bsp_led.o
    0x08000478   0x00000034   Code   RO         1690    i.LED_Configuration  bsp_led.o
    0x080004ac   0x00000048   Code   RO         1863    i.LEVEL_SENSOR_INPUT_Configuration  bsp_level_sensor_input.o
    0x080004f4   0x00000310   Code   RO          305    i.MODS_AnalyzeApp   modbus_slave.o
    0x08000804   0x000000ec   Code   RO          306    i.MODS_AnalyzeApp_F2  modbus_slave.o
    0x080008f0   0x0000008c   Code   RO          307    i.MODS_Poll         modbus_slave.o
    0x0800097c   0x00000034   Code   RO          308    i.MODS_ReciveNew    modbus_slave.o
    0x080009b0   0x0000000c   Code   RO          309    i.MODS_RxTimeOut    modbus_slave.o
    0x080009bc   0x0000002c   Code   RO          310    i.MODS_SendWithCRC  modbus_slave.o
    0x080009e8   0x00000002   Code   RO          222    i.MemManage_Handler  stm32f4xx_it.o
    0x080009ea   0x00000002   Code   RO          223    i.NMI_Handler       stm32f4xx_it.o
    0x080009ec   0x00000022   Code   RO         1732    i.NVIC_Configuration  bsp_timer.o
    0x08000a0e   0x00000002   PAD
    0x08000a10   0x00000064   Code   RO          386    i.NVIC_Init         misc.o
    0x08000a74   0x00000014   Code   RO          387    i.NVIC_PriorityGroupConfig  misc.o
    0x08000a88   0x00000018   Code   RO          430    i.RCC_AHB1PeriphClockCmd  stm32f4xx_rcc.o
    0x08000aa0   0x00000018   Code   RO          439    i.RCC_APB1PeriphClockCmd  stm32f4xx_rcc.o
    0x08000ab8   0x00000018   Code   RO          442    i.RCC_APB2PeriphClockCmd  stm32f4xx_rcc.o
    0x08000ad0   0x00000090   Code   RO          451    i.RCC_GetClocksFreq  stm32f4xx_rcc.o
    0x08000b60   0x00000004   Code   RO         1885    i.RS485_ReciveNew   bsp_uart_fifo.o
    0x08000b64   0x00000002   Code   RO         1886    i.RS485_SendBefor   bsp_uart_fifo.o
    0x08000b66   0x0000000a   Code   RO         1887    i.RS485_SendBuf     bsp_uart_fifo.o
    0x08000b70   0x00000002   Code   RO         1888    i.RS485_SendOver    bsp_uart_fifo.o
    0x08000b72   0x00000002   Code   RO          225    i.SVC_Handler       stm32f4xx_it.o
    0x08000b74   0x000000b4   Code   RO          181    i.SetSysClock       system_stm32f4xx.o
    0x08000c28   0x0000002c   Code   RO         1733    i.SysTick_Config    bsp_timer.o
    0x08000c54   0x00000010   Code   RO          226    i.SysTick_Handler   stm32f4xx_it.o
    0x08000c64   0x0000005c   Code   RO          183    i.SystemInit        system_stm32f4xx.o
    0x08000cc0   0x00000094   Code   RO         1734    i.TIM2_IRQHandler   bsp_timer.o
    0x08000d54   0x00000048   Code   RO         1735    i.TIM4_IRQHandler   bsp_timer.o
    0x08000d9c   0x00000038   Code   RO         1736    i.TIMER_Configuration  bsp_timer.o
    0x08000dd4   0x00000006   Code   RO          817    i.TIM_ClearITPendingBit  stm32f4xx_tim.o
    0x08000dda   0x00000014   Code   RO          822    i.TIM_Cmd           stm32f4xx_tim.o
    0x08000dee   0x00000004   Code   RO          841    i.TIM_GetCounter    stm32f4xx_tim.o
    0x08000df2   0x00000018   Code   RO          843    i.TIM_GetITStatus   stm32f4xx_tim.o
    0x08000e0a   0x00000010   Code   RO          847    i.TIM_ITConfig      stm32f4xx_tim.o
    0x08000e1a   0x00000004   Code   RO          884    i.TIM_SetCompare1   stm32f4xx_tim.o
    0x08000e1e   0x00000004   Code   RO          885    i.TIM_SetCompare2   stm32f4xx_tim.o
    0x08000e22   0x00000004   Code   RO          886    i.TIM_SetCompare3   stm32f4xx_tim.o
    0x08000e26   0x00000004   Code   RO          887    i.TIM_SetCompare4   stm32f4xx_tim.o
    0x08000e2a   0x00000002   PAD
    0x08000e2c   0x0000007c   Code   RO          894    i.TIM_TimeBaseInit  stm32f4xx_tim.o
    0x08000ea8   0x0000000c   Code   RO         1889    i.USART1_IRQHandler  bsp_uart_fifo.o
    0x08000eb4   0x00000002   Code   RO         1891    i.USART2_IRQHandler  bsp_uart_fifo.o
    0x08000eb6   0x00000006   Code   RO         1467    i.USART_ClearFlag   stm32f4xx_usart.o
    0x08000ebc   0x00000014   Code   RO         1471    i.USART_Cmd         stm32f4xx_usart.o
    0x08000ed0   0x0000003e   Code   RO         1475    i.USART_GetITStatus  stm32f4xx_usart.o
    0x08000f0e   0x00000030   Code   RO         1477    i.USART_ITConfig    stm32f4xx_usart.o
    0x08000f3e   0x00000002   PAD
    0x08000f40   0x000000ac   Code   RO         1478    i.USART_Init        stm32f4xx_usart.o
    0x08000fec   0x00000008   Code   RO         1485    i.USART_ReceiveData  stm32f4xx_usart.o
    0x08000ff4   0x00000008   Code   RO         1488    i.USART_SendData    stm32f4xx_usart.o
    0x08000ffc   0x000000c0   Code   RO         1893    i.UartIRQ           bsp_uart_fifo.o
    0x080010bc   0x00000078   Code   RO         1894    i.UartVarInit       bsp_uart_fifo.o
    0x08001134   0x00000002   Code   RO          227    i.UsageFault_Handler  stm32f4xx_it.o
    0x08001136   0x0000000e   Code   RO         2035    i.__scatterload_copy  mc_w.l(handlers.o)
    0x08001144   0x00000002   Code   RO         2036    i.__scatterload_null  mc_w.l(handlers.o)
    0x08001146   0x0000000e   Code   RO         2037    i.__scatterload_zeroinit  mc_w.l(handlers.o)
    0x08001154   0x0000001a   Code   RO         1655    i.bsp_Init          bsp.o
    0x0800116e   0x00000002   PAD
    0x08001170   0x00000064   Code   RO         1737    i.bsp_InitHardTimer  bsp_timer.o
    0x080011d4   0x00000044   Code   RO         1738    i.bsp_InitTimer     bsp_timer.o
    0x08001218   0x00000030   Code   RO         1895    i.bsp_InitUart      bsp_uart_fifo.o
    0x08001248   0x00000098   Code   RO         1739    i.bsp_StartHardTimer  bsp_timer.o
    0x080012e0   0x0000007a   Code   RO         1896    i.comSendBuf        bsp_uart_fifo.o
    0x0800135a   0x00000002   PAD
    0x0800135c   0x00000024   Code   RO         1740    i.delay_ms          bsp_timer.o
    0x08001380   0x0000000e   Code   RO           13    i.main              main.o
    0x0800138e   0x00000014   Code   RO         1984    i.sum_check         bsp_user_lib.o
    0x080013a2   0x0000000c   Data   RO         1691    .constdata          bsp_led.o
    0x080013ae   0x00000006   Data   RO         1823    .constdata          bsp_limit_switch.o
    0x080013b4   0x00000020   Data   RO         2033    Region$$Table       anon$$obj.o


    Execution Region RW_IRAM1 (Base: 0x20000000, Size: 0x00001588, Max: 0x00020000, ABSOLUTE)

    Base Addr    Size         Type   Attr      Idx    E Section Name        Object

    0x20000000   0x00000014   Data   RW          184    .data               system_stm32f4xx.o
    0x20000014   0x00000010   Data   RW          313    .data               modbus_slave.o
    0x20000024   0x00000004   Data   RW          314    .data               modbus_slave.o
    0x20000028   0x00000010   Data   RW          474    .data               stm32f4xx_rcc.o
    0x20000038   0x00000018   Data   RW         1692    .data               bsp_led.o
    0x20000050   0x00000014   Data   RW         1743    .data               bsp_timer.o
    0x20000064   0x000000a3   Zero   RW          311    .bss                modbus_slave.o
    0x20000107   0x00000001   PAD
    0x20000108   0x00000030   Zero   RW         1742    .bss                bsp_timer.o
    0x20000138   0x00001050   Zero   RW         1897    .bss                bsp_uart_fifo.o
    0x20001188   0x00000400   Zero   RW            1    STACK               startup_stm32f4xx.o


==============================================================================

Image component sizes


      Code (inc. data)   RO Data    RW Data    ZI Data      Debug   Object Name

        26          0          0          0          0       1951   bsp.o
       128         28         12         24          0       2562   bsp_led.o
        72          8          0          0          0        639   bsp_level_sensor_input.o
        32         10          6          0          0       1590   bsp_limit_switch.o
       716         64          0         20         48      33189   bsp_timer.o
       686         46          0          0       4176       9285   bsp_uart_fifo.o
        20          0          0          0          0        888   bsp_user_lib.o
        14          0          0          0          0     297075   main.o
       120         14          0          0          0       1671   misc.o
      1268         82          0         20        163       5130   modbus_slave.o
        52         14        392          0       1024        840   startup_stm32f4xx.o
        44         10          0          0          0       1256   stm32f4xx_exti.o
       208          0          0          0          0       2511   stm32f4xx_gpio.o
        90         14          0          0          0       4256   stm32f4xx_it.o
       216         30          0         16          0       4671   stm32f4xx_rcc.o
       210         28          0          0          0       7738   stm32f4xx_tim.o
       324          8          0          0          0       5505   stm32f4xx_usart.o
       272         36          0         20          0       1849   system_stm32f4xx.o

    ----------------------------------------------------------------------
      4512        392        442        100       5412     382606   Object Totals
         0          0         32          0          0          0   (incl. Generated)
        14          0          0          0          1          0   (incl. Padding)

    ----------------------------------------------------------------------

      Code (inc. data)   RO Data    RW Data    ZI Data      Debug   Library Member Name

         0          0          0          0          0          0   entry.o
         0          0          0          0          0          0   entry10a.o
         0          0          0          0          0          0   entry11a.o
         8          4          0          0          0          0   entry2.o
         4          0          0          0          0          0   entry5.o
         0          0          0          0          0          0   entry7b.o
         0          0          0          0          0          0   entry8b.o
         8          4          0          0          0          0   entry9a.o
        30          0          0          0          0          0   handlers.o
        36          8          0          0          0         68   init.o
        36          0          0          0          0         68   memcpya.o

    ----------------------------------------------------------------------
       122         16          0          0          0        136   Library Totals
         0          0          0          0          0          0   (incl. Padding)

    ----------------------------------------------------------------------

      Code (inc. data)   RO Data    RW Data    ZI Data      Debug   Library Name

       122         16          0          0          0        136   mc_w.l

    ----------------------------------------------------------------------
       122         16          0          0          0        136   Library Totals

    ----------------------------------------------------------------------

==============================================================================


      Code (inc. data)   RO Data    RW Data    ZI Data      Debug   

      4634        408        442        100       5412     376046   Grand Totals
      4634        408        442        100       5412     376046   ELF Image Totals
      4634        408        442        100          0          0   ROM Totals

==============================================================================

    Total RO  Size (Code + RO Data)                 5076 (   4.96kB)
    Total RW  Size (RW Data + ZI Data)              5512 (   5.38kB)
    Total ROM Size (Code + RO Data + RW Data)       5176 (   5.05kB)

==============================================================================

