<html>
<body>
<pre>
<h1>µVision Build Log</h1>
<h2>Project:</h2>
C:\Users\lenovo\Desktop\F407 ÒÆÖ²\Project Xiuba\proj\test.uvproj
Project File Date:  12/18/2017

<h2>Output:</h2>
Build target 'Target 1'
compiling bsp_led.c...
linking...
Program Size: Code=4634 RO-data=442 RW-data=100 ZI-data=5412  
FromELF: creating hex file...
".\output\test.axf" - 0 Error(s), 0 Warning(s).
s).
ning(s).
p_user_lib.c...
linking...
Program Size: Code=4394 RO-data=442 RW-data=100 ZI-data=5412  
FromELF: creating hex file...
".\output\test.axf" - 0 Error(s), 0 Warning(s).
iling bsp.c...
..\src\bsp\inc\bsp_led.h(26): error:  #101: "LED5" has already been declared in the current scope
        LED5 = 5
..\src\bsp\bsp.c: 0 warnings, 1 error
compiling bsp_led.c...
..\src\bsp\inc\bsp_led.h(26): error:  #101: "LED5" has already been declared in the current scope
        LED5 = 5
..\src\bsp\src\bsp_led.c: 0 warnings, 1 error
compiling bsp_timer.c...
..\src\bsp\inc\bsp_led.h(26): error:  #101: "LED5" has already been declared in the current scope
        LED5 = 5
..\src\bsp\src\bsp_timer.c: 0 warnings, 1 error
compiling bsp_limit_switch.c...
..\src\bsp\inc\bsp_led.h(26): error:  #101: "LED5" has already been declared in the current scope
        LED5 = 5
..\src\bsp\src\bsp_limit_switch.c: 0 warnings, 1 error
compiling bsp_uart_fifo.c...
..\src\bsp\inc\bsp_led.h(26): error:  #101: "LED5" has already been declared in the current scope
        LED5 = 5
..\src\bsp\src\bsp_uart_fifo.c: 0 warnings, 1 error
compiling bsp_user_lib.c...
..\src\bsp\inc\bsp_led.h(26): error:  #101: "LED5" has already been declared in the current scope
        